
          -------------------------------------------------------
          Amber 18 SANDER                              2018
          -------------------------------------------------------

| Run on 05/20/2026 at 15:35:58

|   Executable path: /home/ando/amber/amber18/bin/sander
| Working directory: /home/test/yazawa/tutorial2
|          Hostname: Unknown
  [-O]verwriting output

File Assignments:
|  MDIN: polyAT_wat_min1.in                                                    
| MDOUT: polyAT_wat_min1.out                                                   
|INPCRD: polyAT_wat.rst7                                                       
|  PARM: polyAT_wat.prmtop                                                     
|RESTRT: polyAT_wat_min1.ncrst                                                 
|  REFC: polyAT_wat.rst7                                                       
| MDVEL: mdvel                                                                 
| MDFRC: mdfrc                                                                 
|  MDEN: mden                                                                  
| MDCRD: mdcrd                                                                 
|MDINFO: mdinfo                                                                
|  MTMD: mtmd                                                                  
|INPDIP: inpdip                                                                
|RSTDIP: rstdip                                                                
|INPTRA: inptraj                                                               


 Here is the input file:

polyA-polyT 10-mer: initial minimization solvent + ions                        
 &cntrl                                                                        
  imin   = 1,                                                                  
  maxcyc = 1000,                                                               
  ncyc   = 500,                                                                
  ntb    = 1,                                                                  
  ntr    = 1,                                                                  
  cut    = 10.0                                                                
 /                                                                             
Hold the DNA fixed                                                             
500.0                                                                          
RES 1 20                                                                       
END                                                                            
END                                                                            

--------------------------------------------------------------------------------
   1.  RESOURCE   USE: 
--------------------------------------------------------------------------------

| Flags:                                                                        
 getting new box info from bottom of inpcrd
|  INFO: Old style inpcrd file read

| peek_ewald_inpcrd: Box info found
|Largest sphere to fit in unit cell has radius =    21.856
| New format PARM file being parsed.
| Version =    1.000 Date = 05/13/26 Time = 17:14:44
 NATOM  =    9788 NTYPES =      17 NBONH =    9366 MBONA  =     452
 NTHETH =     554 MTHETA =     694 NPHIH =    1084 MPHIA  =    1326
 NHPARM =       0 NPARM  =       0 NNB   =   15738 NRES   =    3082
 NBONA  =     452 NTHETA =     694 NPHIA =    1326 NUMBND =      41
 NUMANG =      75 NPTRA  =      56 NATYP =      29 NPHB   =       1
 IFBOX  =       2 NMXRS  =      33 IFCAP =       0 NEXTRA =       0
 NCOPY  =       0


|     Memory Use     Allocated
|     Real              889657
|     Hollerith          32448
|     Integer           361870
|     Max Pairs        5637888
|     nblistReal        117456
|     nblist Int        316750
|       Total            32668 kbytes

| Note: 1-4 EEL scale factors are being read from the topology file.

| Note: 1-4 VDW scale factors are being read from the topology file.
| Duplicated    0 dihedrals
| Duplicated    0 dihedrals

     BOX TYPE: TRUNCATED OCTAHEDRON

--------------------------------------------------------------------------------
   2.  CONTROL  DATA  FOR  THE  RUN
--------------------------------------------------------------------------------

default_name                                                                    

General flags:
     imin    =       1, nmropt  =       0

Nature and format of input:
     ntx     =       1, irest   =       0, ntrx    =       1

Nature and format of output:
     ntxo    =       2, ntpr    =      50, ntrx    =       1, ntwr    =       1
     iwrap   =       0, ntwx    =       0, ntwv    =       0, ntwe    =       0
     ioutfm  =       1, ntwprt  =       0, idecomp =       0, rbornstat=      0

Potential function:
     ntf     =       1, ntb     =       1, igb     =       0, nsnb    =      25
     ipol    =       0, gbsa    =       0, iesp    =       0
     dielc   =   1.00000, cut     =  10.00000, intdiel =   1.00000

Frozen or restrained atoms:
     ibelly  =       0, ntr     =       1
     restraint_wt =   0.00000

Energy minimization:
     maxcyc  =    1000, ncyc    =     500, ntmin   =       1
     dx0     =   0.01000, drms    =   0.00010

Ewald parameters:
     verbose =       0, ew_type =       0, nbflag  =       1, use_pme =       1
     vdwmeth =       1, eedmeth =       1, netfrc  =       0
     Box X =   53.537   Box Y =   53.537   Box Z =   53.537
     Alpha =  109.471   Beta  =  109.471   Gamma =  109.471
     NFFT1 =   54       NFFT2 =   54       NFFT3 =   54
     Cutoff=   10.000   Tol   =0.100E-04
     Ewald Coefficient =  0.27511
     Interpolation order =    4

    LOADING THE CONSTRAINED ATOMS AS GROUPS


   5.  REFERENCE ATOM COORDINATES

  defa
    ----- READING GROUP     1; TITLE:
 Hold the DNA fixed                                                          

     GROUP    1 HAS HARMONIC CONSTRAINTS   500.00000
 GRP    1 RES    1 TO    20
      Number of atoms in this group  =   638
    ----- END OF GROUP READ -----

--------------------------------------------------------------------------------
   3.  ATOMIC COORDINATES AND VELOCITIES
--------------------------------------------------------------------------------

default_name                                                                    
 begin time read from input coords =     0.000 ps

 Number of triangulated 3-point waters found:     3044

     Sum of charges from parm topology file =   0.00000008
     Forcing neutrality...

--------------------------------------------------------------------------------
   4.  RESULTS
--------------------------------------------------------------------------------

 ---------------------------------------------------
 APPROXIMATING switch and d/dx switch using CUBIC SPLINE INTERPOLATION
 using   5000.0 points per unit in tabled values
 TESTING RELATIVE ERROR over r ranging from 0.0 to cutoff
| CHECK switch(x): max rel err =   0.2738E-14   at   2.422500
| CHECK d/dx switch(x): max rel err =   0.8314E-11   at   2.736960
 ---------------------------------------------------
| Local SIZE OF NONBOND LIST =    2930007
| TOTAL SIZE OF NONBOND LIST =    2930007


   NSTEP       ENERGY          RMS            GMAX         NAME    NUMBER
      1      -2.6350E+04     1.5590E+01     5.3533E+02     O        1803

 BOND    =       42.5243  ANGLE   =      554.6900  DIHED      =      533.3373
 VDWAALS =     3460.1834  EEL     =   -30926.8110  HBOND      =        0.0000
 1-4 VDW =      260.7242  1-4 EEL =     -274.4069  RESTRAINT  =        0.0000


   NSTEP       ENERGY          RMS            GMAX         NAME    NUMBER
     50      -3.2580E+04     4.1100E+00     8.8811E+01     C5        493

 BOND    =     1977.1481  ANGLE   =      404.2196  DIHED      =      532.4394
 VDWAALS =     2855.3270  EEL     =   -38404.6843  HBOND      =        0.0000
 1-4 VDW =      242.1421  1-4 EEL =     -297.2693  RESTRAINT  =      110.9557
 EAMBER  =   -32690.6773


   NSTEP       ENERGY          RMS            GMAX         NAME    NUMBER
    100      -3.4092E+04     2.3906E+00     6.0146E+01     C4        498

 BOND    =     1756.3841  ANGLE   =      413.5915  DIHED      =      531.8813
 VDWAALS =     3103.9050  EEL     =   -39941.3339  HBOND      =        0.0000
 1-4 VDW =      244.5554  1-4 EEL =     -295.3430  RESTRAINT  =       94.7972
 EAMBER  =   -34186.3596


   NSTEP       ENERGY          RMS            GMAX         NAME    NUMBER
    150      -3.4864E+04     1.1848E+00     3.1855E+01     C5        493

 BOND    =     1930.7000  ANGLE   =      407.2436  DIHED      =      532.1616
 VDWAALS =     3327.7304  EEL     =   -41107.3632  HBOND      =        0.0000
 1-4 VDW =      243.9204  1-4 EEL =     -295.8329  RESTRAINT  =       97.0796
 EAMBER  =   -34961.4401


   NSTEP       ENERGY          RMS            GMAX         NAME    NUMBER
    200      -3.5382E+04     2.8743E+00     8.8048E+01     C5        143

 BOND    =     2009.0463  ANGLE   =      410.3720  DIHED      =      532.1304
 VDWAALS =     3535.5460  EEL     =   -41917.3685  HBOND      =        0.0000
 1-4 VDW =      244.0799  1-4 EEL =     -296.6220  RESTRAINT  =      100.6548
 EAMBER  =   -35482.8159


   NSTEP       ENERGY          RMS            GMAX         NAME    NUMBER
    250      -3.5828E+04     1.0833E+00     2.4245E+01     C5        143

 BOND    =     2045.0105  ANGLE   =      408.7042  DIHED      =      532.1696
 VDWAALS =     3728.0133  EEL     =   -42588.7169  HBOND      =        0.0000
 1-4 VDW =      244.0010  1-4 EEL =     -295.3680  RESTRAINT  =       98.2093
 EAMBER  =   -35926.1863


   NSTEP       ENERGY          RMS            GMAX         NAME    NUMBER
    300      -3.6162E+04     2.4323E+00     5.7213E+01     C5        143

 BOND    =     2097.1461  ANGLE   =      412.8735  DIHED      =      532.3628
 VDWAALS =     3902.4968  EEL     =   -43158.8113  HBOND      =        0.0000
 1-4 VDW =      244.4892  1-4 EEL =     -295.0443  RESTRAINT  =      102.7634
 EAMBER  =   -36264.4872


   NSTEP       ENERGY          RMS            GMAX         NAME    NUMBER
    350      -3.6488E+04     1.3878E+00     4.2668E+01     P         542

 BOND    =     2143.9608  ANGLE   =      408.9057  DIHED      =      531.5173
 VDWAALS =     4065.8027  EEL     =   -43685.5427  HBOND      =        0.0000
 1-4 VDW =      242.6243  1-4 EEL =     -295.7201  RESTRAINT  =      100.0615
 EAMBER  =   -36588.4519


   NSTEP       ENERGY          RMS            GMAX         NAME    NUMBER
    400      -3.6771E+04     5.8954E-01     1.0950E+01     Na+       652

 BOND    =     2174.0249  ANGLE   =      408.0340  DIHED      =      532.2230
 VDWAALS =     4236.2686  EEL     =   -44167.2219  HBOND      =        0.0000
 1-4 VDW =      244.1956  1-4 EEL =     -295.5201  RESTRAINT  =       96.7762
 EAMBER  =   -36867.9958


   NSTEP       ENERGY          RMS            GMAX         NAME    NUMBER
    450      -3.7012E+04     6.7526E-01     1.3929E+01     Na+       644

 BOND    =     2209.7780  ANGLE   =      408.1780  DIHED      =      532.2684
 VDWAALS =     4388.2953  EEL     =   -44596.4398  HBOND      =        0.0000
 1-4 VDW =      244.2776  1-4 EEL =     -295.3779  RESTRAINT  =       96.8097
 EAMBER  =   -37109.0204


   NSTEP       ENERGY          RMS            GMAX         NAME    NUMBER
    500      -3.7231E+04     1.6260E+00     6.9344E+01     C6        427

 BOND    =     2248.8243  ANGLE   =      409.1996  DIHED      =      532.2830
 VDWAALS =     4528.0238  EEL     =   -44997.1750  HBOND      =        0.0000
 1-4 VDW =      244.2424  1-4 EEL =     -294.9022  RESTRAINT  =       98.8509
 EAMBER  =   -37329.5041


   NSTEP       ENERGY          RMS            GMAX         NAME    NUMBER
    550      -3.8278E+04     1.3507E+00     6.4996E+01     O        7497

 BOND    =     2455.2831  ANGLE   =      409.3927  DIHED      =      532.2206
 VDWAALS =     5467.6211  EEL     =   -47190.4214  HBOND      =        0.0000
 1-4 VDW =      244.2073  1-4 EEL =     -295.1586  RESTRAINT  =       98.3628
 EAMBER  =   -38376.8551


   NSTEP       ENERGY          RMS            GMAX         NAME    NUMBER
    600      -3.8627E+04     1.0499E+00     4.3849E+01     P         287

 BOND    =     2491.2552  ANGLE   =      408.5720  DIHED      =      532.1778
 VDWAALS =     5622.1058  EEL     =   -47729.6046  HBOND      =        0.0000
 1-4 VDW =      244.2396  1-4 EEL =     -295.5127  RESTRAINT  =       99.9676
 EAMBER  =   -38726.7669


   NSTEP       ENERGY          RMS            GMAX         NAME    NUMBER
    650      -3.9037E+04     7.5265E-01     3.3005E+01     C4        498

 BOND    =     2561.1151  ANGLE   =      410.0945  DIHED      =      532.0382
 VDWAALS =     5931.2632  EEL     =   -48518.5461  HBOND      =        0.0000
 1-4 VDW =      244.4380  1-4 EEL =     -295.3992  RESTRAINT  =       97.6739
 EAMBER  =   -39134.9963


   NSTEP       ENERGY          RMS            GMAX         NAME    NUMBER
    700      -3.9360E+04     1.0110E+00     5.0512E+01     H1       7498

 BOND    =     2617.4124  ANGLE   =      410.3065  DIHED      =      532.0269
 VDWAALS =     6180.9242  EEL     =   -49147.3712  HBOND      =        0.0000
 1-4 VDW =      244.3748  1-4 EEL =     -295.2359  RESTRAINT  =       97.2278
 EAMBER  =   -39457.5622


   NSTEP       ENERGY          RMS            GMAX         NAME    NUMBER
    750      -3.9527E+04     8.8870E-01     4.6160E+01     C5        493

 BOND    =     2651.0742  ANGLE   =      411.2980  DIHED      =      532.1234
 VDWAALS =     6307.9221  EEL     =   -49475.4204  HBOND      =        0.0000
 1-4 VDW =      244.3467  1-4 EEL =     -295.1692  RESTRAINT  =       97.0583
 EAMBER  =   -39623.8252


   NSTEP       ENERGY          RMS            GMAX         NAME    NUMBER
    800      -3.9684E+04     6.9324E-01     3.6109E+01     C5        493

 BOND    =     2676.7083  ANGLE   =      410.5240  DIHED      =      532.1256
 VDWAALS =     6427.5971  EEL     =   -49777.3065  HBOND      =        0.0000
 1-4 VDW =      244.4307  1-4 EEL =     -295.2406  RESTRAINT  =       96.8123
 EAMBER  =   -39781.1613


   NSTEP       ENERGY          RMS            GMAX         NAME    NUMBER
    850      -3.9825E+04     6.9192E-01     2.4681E+01     H1       4183

 BOND    =     2694.6444  ANGLE   =      409.8951  DIHED      =      532.0806
 VDWAALS =     6541.8364  EEL     =   -50049.8061  HBOND      =        0.0000
 1-4 VDW =      244.4877  1-4 EEL =     -295.5362  RESTRAINT  =       97.8387
 EAMBER  =   -39922.3980


   NSTEP       ENERGY          RMS            GMAX         NAME    NUMBER
    900      -3.9945E+04     6.1135E-01     1.7677E+01     O5'       258

 BOND    =     2715.0260  ANGLE   =      410.0884  DIHED      =      532.1496
 VDWAALS =     6635.1536  EEL     =   -50284.2861  HBOND      =        0.0000
 1-4 VDW =      244.5467  1-4 EEL =     -295.2177  RESTRAINT  =       97.4825
 EAMBER  =   -40042.5394


   NSTEP       ENERGY          RMS            GMAX         NAME    NUMBER
    950      -4.0054E+04     4.8513E-01     1.7019E+01     C2        502

 BOND    =     2742.7426  ANGLE   =      410.2806  DIHED      =      532.0903
 VDWAALS =     6718.0095  EEL     =   -50502.7479  HBOND      =        0.0000
 1-4 VDW =      244.5883  1-4 EEL =     -295.0696  RESTRAINT  =       96.0949
 EAMBER  =   -40150.1062


   NSTEP       ENERGY          RMS            GMAX         NAME    NUMBER
   1000      -4.0165E+04     4.5239E-01     1.3073E+01     C5'       259

 BOND    =     2763.6762  ANGLE   =      410.3725  DIHED      =      532.1057
 VDWAALS =     6805.9148  EEL     =   -50723.2764  HBOND      =        0.0000
 1-4 VDW =      244.6250  1-4 EEL =     -295.0922  RESTRAINT  =       96.3310
 EAMBER  =   -40261.6744


  Maximum number of minimization cycles reached.


                    FINAL RESULTS



   NSTEP       ENERGY          RMS            GMAX         NAME    NUMBER
   1000      -4.0165E+04     4.5239E-01     1.3073E+01     C5'       259

 BOND    =     2763.6762  ANGLE   =      410.3725  DIHED      =      532.1057
 VDWAALS =     6805.9148  EEL     =   -50723.2764  HBOND      =        0.0000
 1-4 VDW =      244.6250  1-4 EEL =     -295.0922  RESTRAINT  =       96.3310
 EAMBER  =   -40261.6744

--------------------------------------------------------------------------------
   5.  TIMINGS
--------------------------------------------------------------------------------

|    Read coords time           0.01 ( 0.01% of Total)
|                Build the list             1.48 (97.85% of List )
|                Other                      0.03 ( 2.15% of List )
|             List time                  1.51 ( 1.60% of Nonbo)
|                   Short_ene time            76.01 (99.46% of Direc)
|                   Other                      0.42 ( 0.54% of Direc)
|                Direct Ewald time         76.42 (82.18% of Ewald)
|                Adjust Ewald time          0.44 ( 0.48% of Ewald)
|                   Fill Bspline coeffs        0.49 ( 3.08% of Recip)
|                   Fill charge grid           1.21 ( 7.54% of Recip)
|                   Scalar sum                 5.05 (31.50% of Recip)
|                   Grad sum                   2.62 (16.31% of Recip)
|                   FFT time                   6.67 (41.56% of Recip)
|                Recip Ewald time          16.05 (17.26% of Ewald)
|                Virial junk                0.04 ( 0.04% of Ewald)
|                Other                      0.05 ( 0.05% of Ewald)
|             Ewald time                93.00 (98.40% of Nonbo)
|          Nonbond force             94.51 (99.38% of Force)
|          Bond/Angle/Dihedral        0.57 ( 0.60% of Force)
|          Other                      0.01 ( 0.01% of Force)
|       Force time                95.09 (100.0% of Runmd)
|    Runmd Time                95.09 (99.21% of Total)
|    Other                      0.75 ( 0.78% of Total)
| Total time                95.86 (100.0% of ALL  )

| Number of list builds   :         11

| Highest rstack allocated:     612274
| Highest istack allocated:       9788
|           Job began  at 15:35:58.306  on 05/20/2026
|           Setup done at 15:35:58.407  on 05/20/2026
|           Run   done at 15:37:34.162  on 05/20/2026
|     wallclock() was called   38070 times

|3D-RISM memory allocation summary
|Type          Maximum        Current   
|Integer       0.00000 GB     0.00000 GB
|Real          0.00000 GB     0.00000 GB
|Logical       0.00000 GB     0.00000 GB
|Character     0.00000 GB     0.00000 GB
|---------------------------------------
|Total         0.00000 GB     0.00000 GB
