
          -------------------------------------------------------
          Amber 18 SANDER                              2018
          -------------------------------------------------------

| Run on 05/13/2026 at 17:37:55

|   Executable path: /home/ando/amber/amber18/bin/sander
| Working directory: /home/test/yazawa/tutorial2
|          Hostname: Unknown
  [-O]verwriting output

File Assignments:
|  MDIN: polyAT_vac_init_min.in                                                
| MDOUT: polyAT_vac_init_min.out                                               
|INPCRD: polyAT_vac.rst7                                                       
|  PARM: polyAT_vac.prmtop                                                     
|RESTRT: polyAT_vac_init_min.ncrst                                             
|  REFC: refc                                                                  
| MDVEL: mdvel                                                                 
| MDFRC: mdfrc                                                                 
|  MDEN: mden                                                                  
| MDCRD: mdcrd                                                                 
|MDINFO: mdinfo                                                                
|  MTMD: mtmd                                                                  
|INPDIP: inpdip                                                                
|RSTDIP: rstdip                                                                
|INPTRA: inptraj                                                               


 Here is the input file:

polyA-polyT 10-mer: initial minimization prior to MD                           
 &cntrl                                                                        
  imin   = 1,                                                                  
  maxcyc = 500,                                                                
  ncyc   = 250,                                                                
  ntb    = 0,                                                                  
  igb    = 0,                                                                  
  cut    = 12                                                                  
 /                                                                             

--------------------------------------------------------------------------------
   1.  RESOURCE   USE: 
--------------------------------------------------------------------------------

| Flags:                                                                        
|    NONPERIODIC   ntb=0 and igb=0: Setting up nonperiodic simulation
|Largest sphere to fit in unit cell has radius =    39.804
| New format PARM file being parsed.
| Version =    1.000 Date = 05/13/26 Time = 17:14:44
 NATOM  =     638 NTYPES =      14 NBONH =     234 MBONA  =     452
 NTHETH =     554 MTHETA =     694 NPHIH =    1084 MPHIA  =    1326
 NHPARM =       0 NPARM  =       0 NNB   =    3544 NRES   =      20
 NBONA  =     452 NTHETA =     694 NPHIA =    1326 NUMBND =      39
 NUMANG =      75 NPTRA  =      56 NATYP =      26 NPHB   =       0
 IFBOX  =       0 NMXRS  =      33 IFCAP =       0 NEXTRA =       0
 NCOPY  =       0


|     Memory Use     Allocated
|     Real               54871
|     Hollerith           1936
|     Integer           154479
|     Max Pairs         203203
|     nblistReal          7656
|     nblist Int        892661
|       Total             5380 kbytes

| Note: 1-4 EEL scale factors are being read from the topology file.

| Note: 1-4 VDW scale factors are being read from the topology file.
| Duplicated    0 dihedrals
| Duplicated    0 dihedrals

--------------------------------------------------------------------------------
   2.  CONTROL  DATA  FOR  THE  RUN
--------------------------------------------------------------------------------

default_name                                                                    

General flags:
     imin    =       1, nmropt  =       0

Nature and format of input:
     ntx     =       1, irest   =       0, ntrx    =       1

Nature and format of output:
     ntxo    =       2, ntpr    =      50, ntrx    =       1, ntwr    =       1
     iwrap   =       0, ntwx    =       0, ntwv    =       0, ntwe    =       0
     ioutfm  =       1, ntwprt  =       0, idecomp =       0, rbornstat=      0

Potential function:
     ntf     =       1, ntb     =       0, igb     =       0, nsnb    =      25
     ipol    =       0, gbsa    =       0, iesp    =       0
     dielc   =   1.00000, cut     =  12.00000, intdiel =   1.00000

Frozen or restrained atoms:
     ibelly  =       0, ntr     =       0

Energy minimization:
     maxcyc  =     500, ncyc    =     250, ntmin   =       1
     dx0     =   0.01000, drms    =   0.00010
|  INFO: Old style inpcrd file read


--------------------------------------------------------------------------------
   3.  ATOMIC COORDINATES AND VELOCITIES
--------------------------------------------------------------------------------

default_name                                                                    
 begin time read from input coords =     0.000 ps

 Number of triangulated 3-point waters found:        0

     Sum of charges from parm topology file = -17.99999992

--------------------------------------------------------------------------------
   4.  RESULTS
--------------------------------------------------------------------------------

 ---------------------------------------------------

     eedmeth=4: Setting switch to one everywhere

 ---------------------------------------------------
| Local SIZE OF NONBOND LIST =      73434
| TOTAL SIZE OF NONBOND LIST =      73434


   NSTEP       ENERGY          RMS            GMAX         NAME    NUMBER
      1      -1.3571E+03     1.9177E+01     9.1099E+01     C2'       634

 BOND    =       42.3774  ANGLE   =      554.6900  DIHED      =      533.3373
 VDWAALS =       -6.6457  EEL     =    -2467.1755  HBOND      =        0.0000
 1-4 VDW =      260.7242  1-4 EEL =     -274.4069  RESTRAINT  =        0.0000


   NSTEP       ENERGY          RMS            GMAX         NAME    NUMBER
     50      -2.0907E+03     2.4674E+00     2.0123E+01     P          31

 BOND    =       18.9230  ANGLE   =      111.9888  DIHED      =      494.2813
 VDWAALS =     -257.8066  EEL     =    -2264.9666  HBOND      =        0.0000
 1-4 VDW =      178.7124  1-4 EEL =     -371.8552  RESTRAINT  =        0.0000


   NSTEP       ENERGY          RMS            GMAX         NAME    NUMBER
    100      -2.1625E+03     1.4850E+00     1.0101E+01     C2        342

 BOND    =       17.9888  ANGLE   =      109.0302  DIHED      =      480.2313
 VDWAALS =     -286.3637  EEL     =    -2292.4112  HBOND      =        0.0000
 1-4 VDW =      173.2553  1-4 EEL =     -364.1866  RESTRAINT  =        0.0000


   NSTEP       ENERGY          RMS            GMAX         NAME    NUMBER
    150      -2.0721E+03     6.9966E-01     3.2149E+00     C2        502

 BOND    =       18.5613  ANGLE   =      108.0158  DIHED      =      475.4500
 VDWAALS =     -301.6368  EEL     =    -2183.8408  HBOND      =        0.0000
 1-4 VDW =      170.2165  1-4 EEL =     -358.8807  RESTRAINT  =        0.0000


   NSTEP       ENERGY          RMS            GMAX         NAME    NUMBER
    200      -2.2196E+03     1.2979E+00     7.8450E+00     C5        557

 BOND    =       18.6852  ANGLE   =      107.3981  DIHED      =      471.8009
 VDWAALS =     -311.0793  EEL     =    -2318.8635  HBOND      =        0.0000
 1-4 VDW =      168.2885  1-4 EEL =     -355.8270  RESTRAINT  =        0.0000


   NSTEP       ENERGY          RMS            GMAX         NAME    NUMBER
    250      -2.2507E+03     7.1063E-01     4.3271E+00     C2        342

 BOND    =       17.1227  ANGLE   =      108.1924  DIHED      =      468.0829
 VDWAALS =     -317.1644  EEL     =    -2338.3166  HBOND      =        0.0000
 1-4 VDW =      167.1005  1-4 EEL =     -355.7257  RESTRAINT  =        0.0000


   NSTEP       ENERGY          RMS            GMAX         NAME    NUMBER
    300      -2.2413E+03     1.1985E+00     1.0193E+01     P         350

 BOND    =       17.6844  ANGLE   =      106.1137  DIHED      =      449.6963
 VDWAALS =     -343.7728  EEL     =    -2284.0349  HBOND      =        0.0000
 1-4 VDW =      162.6679  1-4 EEL =     -349.6409  RESTRAINT  =        0.0000


   NSTEP       ENERGY          RMS            GMAX         NAME    NUMBER
    350      -2.2138E+03     6.7124E-01     4.9737E+00     P         350

 BOND    =       16.9210  ANGLE   =      102.5053  DIHED      =      448.0051
 VDWAALS =     -343.5386  EEL     =    -2253.4532  HBOND      =        0.0000
 1-4 VDW =      162.9952  1-4 EEL =     -347.2846  RESTRAINT  =        0.0000


   NSTEP       ENERGY          RMS            GMAX         NAME    NUMBER
    400      -2.2588E+03     6.7960E-01     4.1023E+00     O2        535

 BOND    =       16.8292  ANGLE   =      100.5509  DIHED      =      447.0071
 VDWAALS =     -343.8469  EEL     =    -2296.6174  HBOND      =        0.0000
 1-4 VDW =      162.9693  1-4 EEL =     -345.7246  RESTRAINT  =        0.0000


   NSTEP       ENERGY          RMS            GMAX         NAME    NUMBER
    450      -2.1778E+03     6.5102E-01     3.9001E+00     P         191

 BOND    =       16.7012  ANGLE   =      100.0394  DIHED      =      446.2426
 VDWAALS =     -344.5357  EEL     =    -2213.2382  HBOND      =        0.0000
 1-4 VDW =      162.1363  1-4 EEL =     -345.1859  RESTRAINT  =        0.0000


   NSTEP       ENERGY          RMS            GMAX         NAME    NUMBER
    500      -2.2511E+03     5.8496E-01     3.3862E+00     OP2       512

 BOND    =       16.5426  ANGLE   =       98.9428  DIHED      =      445.4403
 VDWAALS =     -344.9939  EEL     =    -2285.2812  HBOND      =        0.0000
 1-4 VDW =      161.7362  1-4 EEL =     -343.4443  RESTRAINT  =        0.0000


  Maximum number of minimization cycles reached.


                    FINAL RESULTS



   NSTEP       ENERGY          RMS            GMAX         NAME    NUMBER
    500      -2.2511E+03     5.8496E-01     3.3862E+00     OP2       512

 BOND    =       16.5426  ANGLE   =       98.9428  DIHED      =      445.4403
 VDWAALS =     -344.9939  EEL     =    -2285.2812  HBOND      =        0.0000
 1-4 VDW =      161.7362  1-4 EEL =     -343.4443  RESTRAINT  =        0.0000

--------------------------------------------------------------------------------
   5.  TIMINGS
--------------------------------------------------------------------------------

|    Read coords time           0.00 ( 0.07% of Total)
|                Build the list             0.07 (99.83% of List )
|                Other                      0.00 ( 0.17% of List )
|             List time                  0.07 ( 7.57% of Nonbo)
|                   Short_ene time             0.83 (99.86% of Direc)
|                   Other                      0.00 ( 0.14% of Direc)
|                Direct Ewald time          0.83 (97.35% of Ewald)
|                Virial junk                0.00 ( 0.01% of Ewald)
|                Other                      0.02 ( 2.64% of Ewald)
|             Ewald time                 0.85 (92.41% of Nonbo)
|             Other                      0.00 ( 0.01% of Nonbo)
|          Nonbond force              0.92 (80.83% of Force)
|          Bond/Angle/Dihedral        0.22 (19.14% of Force)
|          Other                      0.00 ( 0.03% of Force)
|       Force time                 1.14 (100.0% of Runmd)
|    Runmd Time                 1.14 (95.17% of Total)
|    Other                      0.06 ( 4.75% of Total)
| Total time                 1.20 (100.0% of ALL  )

| Number of list builds   :         21

| Highest rstack allocated:       1280
| Highest istack allocated:        256
|           Job began  at 17:37:55.547  on 05/13/2026
|           Setup done at 17:37:55.558  on 05/13/2026
|           Run   done at 17:37:56.743  on 05/13/2026
|     wallclock() was called   11575 times

|3D-RISM memory allocation summary
|Type          Maximum        Current   
|Integer       0.00000 GB     0.00000 GB
|Real          0.00000 GB     0.00000 GB
|Logical       0.00000 GB     0.00000 GB
|Character     0.00000 GB     0.00000 GB
|---------------------------------------
|Total         0.00000 GB     0.00000 GB
