
          -------------------------------------------------------
          Amber 18 SANDER                              2018
          -------------------------------------------------------

| Run on 05/27/2026 at 15:53:59

|   Executable path: /home/ando/amber/amber18/bin/sander
| Working directory: /home/test/yazawa/tutorial6
|          Hostname: Unknown
  [-O]verwriting output

File Assignments:
|  MDIN: a-dna_min1.in                                                         
| MDOUT: a-dna_min1.out                                                        
|INPCRD: a-dna_wat.rst7                                                        
|  PARM: a-dna_wat.prmtop                                                      
|RESTRT: a-dna_min1.ncrst                                                      
|  REFC: a-dna_wat.rst7                                                        
| MDVEL: mdvel                                                                 
| MDFRC: mdfrc                                                                 
|  MDEN: mden                                                                  
| MDCRD: mdcrd                                                                 
|MDINFO: mdinfo                                                                
|  MTMD: mtmd                                                                  
|INPDIP: inpdip                                                                
|RSTDIP: rstdip                                                                
|INPTRA: inptraj                                                               


 Here is the input file:

A-DNA 10-mer: initial minimization solvent + ions                              
 &cntrl                                                                        
  imin   = 1,                                                                  
  maxcyc = 1000,                                                               
  ncyc   = 500,                                                                
  ntb    = 1,                                                                  
  ntr    = 1,                                                                  
  cut    = 10.0                                                                
 /                                                                             
Hold the DNA fixed                                                             
500.0                                                                          
RES 1 20                                                                       
END                                                                            
END                                                                            

--------------------------------------------------------------------------------
   1.  RESOURCE   USE: 
--------------------------------------------------------------------------------

| Flags:                                                                        
 getting new box info from bottom of inpcrd
|  INFO: Old style inpcrd file read

| peek_ewald_inpcrd: Box info found
|Largest sphere to fit in unit cell has radius =    23.119
| New format PARM file being parsed.
| Version =    1.000 Date = 05/27/26 Time = 15:52:42
 NATOM  =   11705 NTYPES =      17 NBONH =   11283 MBONA  =     452
 NTHETH =     554 MTHETA =     694 NPHIH =    1084 MPHIA  =    1326
 NHPARM =       0 NPARM  =       0 NNB   =   18294 NRES   =    3721
 NBONA  =     452 NTHETA =     694 NPHIA =    1326 NUMBND =      41
 NUMANG =      75 NPTRA  =      56 NATYP =      29 NPHB   =       1
 IFBOX  =       2 NMXRS  =      33 IFCAP =       0 NEXTRA =       0
 NCOPY  =       0


|     Memory Use     Allocated
|     Real             1046941
|     Hollerith          38838
|     Integer           405322
|     Max Pairs        6742080
|     nblistReal        140460
|     nblist Int        389494
|       Total            38869 kbytes

| Note: 1-4 EEL scale factors are being read from the topology file.

| Note: 1-4 VDW scale factors are being read from the topology file.
| Duplicated    0 dihedrals
| Duplicated    0 dihedrals

     BOX TYPE: TRUNCATED OCTAHEDRON

--------------------------------------------------------------------------------
   2.  CONTROL  DATA  FOR  THE  RUN
--------------------------------------------------------------------------------

default_name                                                                    

General flags:
     imin    =       1, nmropt  =       0

Nature and format of input:
     ntx     =       1, irest   =       0, ntrx    =       1

Nature and format of output:
     ntxo    =       2, ntpr    =      50, ntrx    =       1, ntwr    =       1
     iwrap   =       0, ntwx    =       0, ntwv    =       0, ntwe    =       0
     ioutfm  =       1, ntwprt  =       0, idecomp =       0, rbornstat=      0

Potential function:
     ntf     =       1, ntb     =       1, igb     =       0, nsnb    =      25
     ipol    =       0, gbsa    =       0, iesp    =       0
     dielc   =   1.00000, cut     =  10.00000, intdiel =   1.00000

Frozen or restrained atoms:
     ibelly  =       0, ntr     =       1
     restraint_wt =   0.00000

Energy minimization:
     maxcyc  =    1000, ncyc    =     500, ntmin   =       1
     dx0     =   0.01000, drms    =   0.00010

Ewald parameters:
     verbose =       0, ew_type =       0, nbflag  =       1, use_pme =       1
     vdwmeth =       1, eedmeth =       1, netfrc  =       0
     Box X =   56.630   Box Y =   56.630   Box Z =   56.630
     Alpha =  109.471   Beta  =  109.471   Gamma =  109.471
     NFFT1 =   60       NFFT2 =   60       NFFT3 =   60
     Cutoff=   10.000   Tol   =0.100E-04
     Ewald Coefficient =  0.27511
     Interpolation order =    4

    LOADING THE CONSTRAINED ATOMS AS GROUPS


   5.  REFERENCE ATOM COORDINATES

  defa
    ----- READING GROUP     1; TITLE:
 Hold the DNA fixed                                                          

     GROUP    1 HAS HARMONIC CONSTRAINTS   500.00000
 GRP    1 RES    1 TO    20
      Number of atoms in this group  =   638
    ----- END OF GROUP READ -----

--------------------------------------------------------------------------------
   3.  ATOMIC COORDINATES AND VELOCITIES
--------------------------------------------------------------------------------

default_name                                                                    
 begin time read from input coords =     0.000 ps

 Number of triangulated 3-point waters found:     3683

     Sum of charges from parm topology file =   0.00000008
     Forcing neutrality...

--------------------------------------------------------------------------------
   4.  RESULTS
--------------------------------------------------------------------------------

 ---------------------------------------------------
 APPROXIMATING switch and d/dx switch using CUBIC SPLINE INTERPOLATION
 using   5000.0 points per unit in tabled values
 TESTING RELATIVE ERROR over r ranging from 0.0 to cutoff
| CHECK switch(x): max rel err =   0.2738E-14   at   2.422500
| CHECK d/dx switch(x): max rel err =   0.8314E-11   at   2.736960
 ---------------------------------------------------
| Local SIZE OF NONBOND LIST =    3547043
| TOTAL SIZE OF NONBOND LIST =    3547043


   NSTEP       ENERGY          RMS            GMAX         NAME    NUMBER
      1      -2.7680E+04     8.6329E+01     7.3839E+03     O        1710

 BOND    =       61.3214  ANGLE   =      588.1465  DIHED      =      512.4323
 VDWAALS =     8509.0952  EEL     =   -37302.9612  HBOND      =        0.0000
 1-4 VDW =      222.2761  1-4 EEL =     -269.9104  RESTRAINT  =        0.0000


   NSTEP       ENERGY          RMS            GMAX         NAME    NUMBER
     50      -3.8126E+04     4.8517E+00     1.3942E+02     C2        566

 BOND    =     2096.9703  ANGLE   =      386.3170  DIHED      =      502.6289
 VDWAALS =     3891.4777  EEL     =   -45342.6860  HBOND      =        0.0000
 1-4 VDW =      207.8965  1-4 EEL =     -287.9830  RESTRAINT  =      418.9870
 EAMBER  =   -38545.3786


   NSTEP       ENERGY          RMS            GMAX         NAME    NUMBER
    100      -3.9963E+04     1.7484E+00     6.1556E+01     P          63

 BOND    =     2240.7453  ANGLE   =      382.3070  DIHED      =      501.2630
 VDWAALS =     4133.8028  EEL     =   -47551.0698  HBOND      =        0.0000
 1-4 VDW =      206.1718  1-4 EEL =     -291.1806  RESTRAINT  =      414.6673
 EAMBER  =   -40377.9604


   NSTEP       ENERGY          RMS            GMAX         NAME    NUMBER
    150      -4.0974E+04     9.1205E-01     1.6932E+01     Na+       641

 BOND    =     2339.9734  ANGLE   =      377.2361  DIHED      =      502.0520
 VDWAALS =     4417.2361  EEL     =   -48936.5041  HBOND      =        0.0000
 1-4 VDW =      206.3626  1-4 EEL =     -290.1116  RESTRAINT  =      409.6231
 EAMBER  =   -41383.7555


   NSTEP       ENERGY          RMS            GMAX         NAME    NUMBER
    200      -4.1695E+04     2.3450E+00     9.2644E+01     P         478

 BOND    =     2437.3695  ANGLE   =      374.5474  DIHED      =      503.0109
 VDWAALS =     4700.8714  EEL     =   -50040.3308  HBOND      =        0.0000
 1-4 VDW =      206.7295  1-4 EEL =     -289.7680  RESTRAINT  =      412.5230
 EAMBER  =   -42107.5700


   NSTEP       ENERGY          RMS            GMAX         NAME    NUMBER
    250      -4.2284E+04     7.1217E-01     1.3556E+01     Na+       646

 BOND    =     2496.7793  ANGLE   =      379.3206  DIHED      =      501.8222
 VDWAALS =     4950.7604  EEL     =   -50938.5176  HBOND      =        0.0000
 1-4 VDW =      206.3061  1-4 EEL =     -290.0553  RESTRAINT  =      409.2920
 EAMBER  =   -42693.5843


   NSTEP       ENERGY          RMS            GMAX         NAME    NUMBER
    300      -4.2749E+04     2.2395E+00     8.0260E+01     C4        370

 BOND    =     2572.7301  ANGLE   =      386.1901  DIHED      =      502.0307
 VDWAALS =     5200.3803  EEL     =   -51737.1833  HBOND      =        0.0000
 1-4 VDW =      206.5504  1-4 EEL =     -289.3952  RESTRAINT  =      409.7840
 EAMBER  =   -43158.6969


   NSTEP       ENERGY          RMS            GMAX         NAME    NUMBER
    350      -4.3142E+04     1.0683E+00     2.5119E+01     C4        530

 BOND    =     2617.9487  ANGLE   =      376.8183  DIHED      =      501.7653
 VDWAALS =     5415.8824  EEL     =   -52383.3545  HBOND      =        0.0000
 1-4 VDW =      206.2603  1-4 EEL =     -290.3301  RESTRAINT  =      412.6075
 EAMBER  =   -43555.0097


   NSTEP       ENERGY          RMS            GMAX         NAME    NUMBER
    400      -4.3439E+04     1.5794E+00     4.9310E+01     C4        626

 BOND    =     2669.7481  ANGLE   =      376.5929  DIHED      =      501.7628
 VDWAALS =     5609.3297  EEL     =   -52927.6283  HBOND      =        0.0000
 1-4 VDW =      206.1303  1-4 EEL =     -290.3310  RESTRAINT  =      415.7203
 EAMBER  =   -43854.3954


   NSTEP       ENERGY          RMS            GMAX         NAME    NUMBER
    450      -4.3708E+04     4.9639E-01     1.0539E+01     Na+       655

 BOND    =     2704.0334  ANGLE   =      379.3064  DIHED      =      501.8313
 VDWAALS =     5782.1438  EEL     =   -53400.9313  HBOND      =        0.0000
 1-4 VDW =      206.5448  1-4 EEL =     -290.0718  RESTRAINT  =      408.7733
 EAMBER  =   -44117.1434


   NSTEP       ENERGY          RMS            GMAX         NAME    NUMBER
    500      -4.3940E+04     1.4290E+00     4.1508E+01     C4        370

 BOND    =     2748.1592  ANGLE   =      382.9418  DIHED      =      501.8985
 VDWAALS =     5948.7353  EEL     =   -53846.1546  HBOND      =        0.0000
 1-4 VDW =      206.9083  1-4 EEL =     -290.0840  RESTRAINT  =      407.9092
 EAMBER  =   -44347.5954


   NSTEP       ENERGY          RMS            GMAX         NAME    NUMBER
    550      -4.5208E+04     1.3918E+00     7.0432E+01     OP1       479

 BOND    =     3007.3085  ANGLE   =      380.2112  DIHED      =      501.6635
 VDWAALS =     7083.9958  EEL     =   -56508.5325  HBOND      =        0.0000
 1-4 VDW =      206.5431  1-4 EEL =     -290.0877  RESTRAINT  =      410.6357
 EAMBER  =   -45618.8981


   NSTEP       ENERGY          RMS            GMAX         NAME    NUMBER
    600      -4.5644E+04     9.8875E-01     4.3137E+01     Na+       648

 BOND    =     3068.5760  ANGLE   =      380.4785  DIHED      =      501.7115
 VDWAALS =     7295.7611  EEL     =   -57218.5300  HBOND      =        0.0000
 1-4 VDW =      206.4707  1-4 EEL =     -289.9137  RESTRAINT  =      411.3779
 EAMBER  =   -46055.4459


   NSTEP       ENERGY          RMS            GMAX         NAME    NUMBER
    650      -4.6082E+04     7.8766E-01     2.1885E+01     Na+       647

 BOND    =     3132.5418  ANGLE   =      379.1303  DIHED      =      501.6554
 VDWAALS =     7575.5668  EEL     =   -58000.8884  HBOND      =        0.0000
 1-4 VDW =      206.4169  1-4 EEL =     -289.8848  RESTRAINT  =      413.3101
 EAMBER  =   -46495.4620


   NSTEP       ENERGY          RMS            GMAX         NAME    NUMBER
    700      -4.6474E+04     6.7294E-01     2.3643E+01     Na+       639

 BOND    =     3193.4818  ANGLE   =      380.1694  DIHED      =      501.7177
 VDWAALS =     7853.8106  EEL     =   -58732.3110  HBOND      =        0.0000
 1-4 VDW =      206.6543  1-4 EEL =     -290.0437  RESTRAINT  =      412.6147
 EAMBER  =   -46886.5209


   NSTEP       ENERGY          RMS            GMAX         NAME    NUMBER
    750      -4.6694E+04     8.8502E-01     3.9509E+01     P         478

 BOND    =     3244.4334  ANGLE   =      380.2753  DIHED      =      501.8677
 VDWAALS =     8055.4708  EEL     =   -59204.1914  HBOND      =        0.0000
 1-4 VDW =      206.8891  1-4 EEL =     -290.2281  RESTRAINT  =      411.9605
 EAMBER  =   -47105.4831


   NSTEP       ENERGY          RMS            GMAX         NAME    NUMBER
    800      -4.6953E+04     9.4366E-01     4.1813E+01     Na+       639

 BOND    =     3299.0668  ANGLE   =      380.6233  DIHED      =      501.9295
 VDWAALS =     8254.5404  EEL     =   -59720.2634  HBOND      =        0.0000
 1-4 VDW =      206.6995  1-4 EEL =     -289.8690  RESTRAINT  =      413.9259
 EAMBER  =   -47367.2729


   NSTEP       ENERGY          RMS            GMAX         NAME    NUMBER
    850      -4.7159E+04     7.4538E-01     2.8895E+01     O        3150

 BOND    =     3329.4843  ANGLE   =      381.0619  DIHED      =      501.8718
 VDWAALS =     8420.9508  EEL     =   -60121.4497  HBOND      =        0.0000
 1-4 VDW =      206.7220  1-4 EEL =     -289.6802  RESTRAINT  =      411.9227
 EAMBER  =   -47571.0390


   NSTEP       ENERGY          RMS            GMAX         NAME    NUMBER
    900      -4.7324E+04     6.6126E-01     2.0685E+01     Na+       640

 BOND    =     3348.8438  ANGLE   =      381.6468  DIHED      =      501.8894
 VDWAALS =     8541.9474  EEL     =   -60427.0316  HBOND      =        0.0000
 1-4 VDW =      206.5526  1-4 EEL =     -289.3908  RESTRAINT  =      411.4506
 EAMBER  =   -47735.5424


   NSTEP       ENERGY          RMS            GMAX         NAME    NUMBER
    950      -4.7473E+04     6.9548E-01     2.6327E+01     Na+       651

 BOND    =     3373.6164  ANGLE   =      381.5930  DIHED      =      501.8798
 VDWAALS =     8658.1029  EEL     =   -60715.0150  HBOND      =        0.0000
 1-4 VDW =      207.1069  1-4 EEL =     -289.8663  RESTRAINT  =      410.0517
 EAMBER  =   -47882.5823


   NSTEP       ENERGY          RMS            GMAX         NAME    NUMBER
   1000      -4.7600E+04     6.6908E-01     4.3351E+01     Na+       651

 BOND    =     3390.8497  ANGLE   =      381.9626  DIHED      =      501.9064
 VDWAALS =     8750.8859  EEL     =   -60953.2578  HBOND      =        0.0000
 1-4 VDW =      207.0745  1-4 EEL =     -289.7523  RESTRAINT  =      410.0587
 EAMBER  =   -48010.3311


  Maximum number of minimization cycles reached.


                    FINAL RESULTS



   NSTEP       ENERGY          RMS            GMAX         NAME    NUMBER
   1000      -4.7600E+04     6.6908E-01     4.3351E+01     Na+       651

 BOND    =     3390.8497  ANGLE   =      381.9626  DIHED      =      501.9064
 VDWAALS =     8750.8859  EEL     =   -60953.2578  HBOND      =        0.0000
 1-4 VDW =      207.0745  1-4 EEL =     -289.7523  RESTRAINT  =      410.0587
 EAMBER  =   -48010.3311

--------------------------------------------------------------------------------
   5.  TIMINGS
--------------------------------------------------------------------------------

|    Read coords time           0.01 ( 0.01% of Total)
|                Build the list             2.12 (98.17% of List )
|                Other                      0.04 ( 1.83% of List )
|             List time                  2.16 ( 1.87% of Nonbo)
|                   Short_ene time            91.84 (99.43% of Direc)
|                   Other                      0.53 ( 0.57% of Direc)
|                Direct Ewald time         92.37 (81.51% of Ewald)
|                Adjust Ewald time          0.51 ( 0.45% of Ewald)
|                   Fill Bspline coeffs        0.60 ( 2.92% of Recip)
|                   Fill charge grid           1.46 ( 7.18% of Recip)
|                   Scalar sum                 6.91 (33.97% of Recip)
|                   Grad sum                   3.14 (15.45% of Recip)
|                   FFT time                   8.23 (40.46% of Recip)
|                Recip Ewald time          20.35 (17.96% of Ewald)
|                Virial junk                0.04 ( 0.04% of Ewald)
|                Other                      0.05 ( 0.04% of Ewald)
|             Ewald time               113.32 (98.13% of Nonbo)
|          Nonbond force            115.48 (99.46% of Force)
|          Bond/Angle/Dihedral        0.61 ( 0.52% of Force)
|          Other                      0.01 ( 0.01% of Force)
|       Force time               116.10 (100.0% of Runmd)
|    Runmd Time               116.10 (99.21% of Total)
|    Other                      0.91 ( 0.78% of Total)
| Total time               117.02 (100.0% of ALL  )

| Number of list builds   :         14

| Highest rstack allocated:     788737
| Highest istack allocated:      11705
|           Job began  at 15:53:59.491  on 05/27/2026
|           Setup done at 15:53:59.615  on 05/27/2026
|           Run   done at 15:55:56.515  on 05/27/2026
|     wallclock() was called   38076 times

|3D-RISM memory allocation summary
|Type          Maximum        Current   
|Integer       0.00000 GB     0.00000 GB
|Real          0.00000 GB     0.00000 GB
|Logical       0.00000 GB     0.00000 GB
|Character     0.00000 GB     0.00000 GB
|---------------------------------------
|Total         0.00000 GB     0.00000 GB
