
          -------------------------------------------------------
          Amber 18 SANDER                              2018
          -------------------------------------------------------

| Run on 05/27/2026 at 16:02:50

|   Executable path: /home/ando/amber/amber18/bin/sander
| Working directory: /home/test/yazawa/tutorial6
|          Hostname: Unknown
  [-O]verwriting output

File Assignments:
|  MDIN: a-dna_md1.in                                                          
| MDOUT: a-dna_md1.out                                                         
|INPCRD: a-dna_min2.ncrst                                                      
|  PARM: a-dna_wat.prmtop                                                      
|RESTRT: a-dna_md1.ncrst                                                       
|  REFC: a-dna_min2.ncrst                                                      
| MDVEL: mdvel                                                                 
| MDFRC: mdfrc                                                                 
|  MDEN: mden                                                                  
| MDCRD: a-dna_md1.nc                                                          
|MDINFO: mdinfo                                                                
|  MTMD: mtmd                                                                  
|INPDIP: inpdip                                                                
|RSTDIP: rstdip                                                                
|INPTRA: inptraj                                                               


 Here is the input file:

A-DNA 10-mer: 20ps MD with res on DNA                                          
 &cntrl                                                                        
  imin   = 0,                                                                  
  irest  = 0,                                                                  
  ntx    = 1,                                                                  
  ntb    = 1,                                                                  
  cut    = 10.0,                                                               
  ntr    = 1,                                                                  
  ntc    = 2,                                                                  
  ntf    = 2,                                                                  
  tempi  = 0.0,                                                                
  temp0  = 300.0,                                                              
  ntt    = 3,                                                                  
  gamma_ln = 1.0,                                                              
  nstlim = 10000, dt = 0.002,                                                  
  ntpr = 250, ntwx = 250, ntwr = 10000                                         
 /                                                                             
Keep DNA fixed with weak restraints                                            
10.0                                                                           
RES 1 20                                                                       
END                                                                            
END                                                                            

--------------------------------------------------------------------------------
   1.  RESOURCE   USE: 
--------------------------------------------------------------------------------

| Flags:                                                                        
 getting box info from netcdf restart file
| NetCDF restart box info found
|Largest sphere to fit in unit cell has radius =    23.119
| New format PARM file being parsed.
| Version =    1.000 Date = 05/27/26 Time = 15:52:42
 NATOM  =   11705 NTYPES =      17 NBONH =   11283 MBONA  =     452
 NTHETH =     554 MTHETA =     694 NPHIH =    1084 MPHIA  =    1326
 NHPARM =       0 NPARM  =       0 NNB   =   18294 NRES   =    3721
 NBONA  =     452 NTHETA =     694 NPHIA =    1326 NUMBND =      41
 NUMANG =      75 NPTRA  =      56 NATYP =      29 NPHB   =       1
 IFBOX  =       2 NMXRS  =      33 IFCAP =       0 NEXTRA =       0
 NCOPY  =       0


|     Memory Use     Allocated
|     Real              906281
|     Hollerith          38838
|     Integer           405322
|     Max Pairs        6742080
|     nblistReal        140460
|     nblist Int        389494
|       Total            37770 kbytes

| Note: 1-4 EEL scale factors are being read from the topology file.

| Note: 1-4 VDW scale factors are being read from the topology file.
| Duplicated    0 dihedrals
| Duplicated    0 dihedrals

     BOX TYPE: TRUNCATED OCTAHEDRON

--------------------------------------------------------------------------------
   2.  CONTROL  DATA  FOR  THE  RUN
--------------------------------------------------------------------------------

default_name                                                                    

General flags:
     imin    =       0, nmropt  =       0

Nature and format of input:
     ntx     =       1, irest   =       0, ntrx    =       1

Nature and format of output:
     ntxo    =       2, ntpr    =     250, ntrx    =       1, ntwr    =   10000
     iwrap   =       0, ntwx    =     250, ntwv    =       0, ntwe    =       0
     ioutfm  =       1, ntwprt  =       0, idecomp =       0, rbornstat=      0

Potential function:
     ntf     =       2, ntb     =       1, igb     =       0, nsnb    =      25
     ipol    =       0, gbsa    =       0, iesp    =       0
     dielc   =   1.00000, cut     =  10.00000, intdiel =   1.00000

Frozen or restrained atoms:
     ibelly  =       0, ntr     =       1
     restraint_wt =   0.00000

Molecular dynamics:
     nstlim  =     10000, nscm    =         0, nrespa  =         1
     t       =   0.00000, dt      =   0.00200, vlimit  =  20.00000

Langevin dynamics temperature regulation:
     ig      =   71277
     temp0   = 300.00000, tempi   =   0.00000, gamma_ln=   1.00000

SHAKE:
     ntc     =       2, jfastw  =       0
     tol     =   0.00001

Ewald parameters:
     verbose =       0, ew_type =       0, nbflag  =       1, use_pme =       1
     vdwmeth =       1, eedmeth =       1, netfrc  =       1
     Box X =   56.630   Box Y =   56.630   Box Z =   56.630
     Alpha =  109.471   Beta  =  109.471   Gamma =  109.471
     NFFT1 =   60       NFFT2 =   60       NFFT3 =   60
     Cutoff=   10.000   Tol   =0.100E-04
     Ewald Coefficient =  0.27511
     Interpolation order =    4
|  INFO: Old style inpcrd file read


    LOADING THE CONSTRAINED ATOMS AS GROUPS


   5.  REFERENCE ATOM COORDINATES

  defa
    ----- READING GROUP     1; TITLE:
 Keep DNA fixed with weak restraints                                         

     GROUP    1 HAS HARMONIC CONSTRAINTS    10.00000
 GRP    1 RES    1 TO    20
      Number of atoms in this group  =   638
    ----- END OF GROUP READ -----

--------------------------------------------------------------------------------
   3.  ATOMIC COORDINATES AND VELOCITIES
--------------------------------------------------------------------------------

default_name                                                                    
 begin time read from input coords =     0.000 ps

 Number of triangulated 3-point waters found:     3683

     Sum of charges from parm topology file =   0.00000008
     Forcing neutrality...

--------------------------------------------------------------------------------
   4.  RESULTS
--------------------------------------------------------------------------------

|  # of SOLUTE  degrees of freedom (RNDFP):   23832.
|  # of SOLVENT degrees of freedom (RNDFS):       0.
|  NDFMIN =   23832.     NUM_NOSHAKE =      0     CORRECTED RNDFP =   23832.
|  TOTAL # of degrees of freedom (RNDF) =   23832.
 ---------------------------------------------------
 APPROXIMATING switch and d/dx switch using CUBIC SPLINE INTERPOLATION
 using   5000.0 points per unit in tabled values
 TESTING RELATIVE ERROR over r ranging from 0.0 to cutoff
| CHECK switch(x): max rel err =   0.2738E-14   at   2.422500
| CHECK d/dx switch(x): max rel err =   0.8314E-11   at   2.736960
 ---------------------------------------------------
| Local SIZE OF NONBOND LIST =    3560562
| TOTAL SIZE OF NONBOND LIST =    3560562

 NSTEP =        0   TIME(PS) =       0.000  TEMP(K) =     0.00  PRESS =     0.0
 Etot   =    -54431.8156  EKtot   =         0.0000  EPtot      =    -54431.8156
 BOND   =        21.1484  ANGLE   =       103.1963  DIHED      =       487.6362
 1-4 NB =       153.5999  1-4 EEL =      -365.9151  VDWAALS    =      9301.5293
 EELEC  =    -64133.0106  EHBOND  =         0.0000  RESTRAINT  =         0.0000
 Ewald error estimate:   0.1977E-03
 ------------------------------------------------------------------------------


 NSTEP =      250   TIME(PS) =       0.500  TEMP(K) =   122.56  PRESS =     0.0
 Etot   =    -41663.7791  EKtot   =      2902.1381  EPtot      =    -44565.9172
 BOND   =        76.4847  ANGLE   =       188.8422  DIHED      =       507.3484
 1-4 NB =       159.8421  1-4 EEL =      -359.4591  VDWAALS    =      6613.6507
 EELEC  =    -51796.4773  EHBOND  =         0.0000  RESTRAINT  =        43.8512
 EAMBER (non-restraint)  =    -44609.7684
 Ewald error estimate:   0.1239E-03
 ------------------------------------------------------------------------------


 NSTEP =      500   TIME(PS) =       1.000  TEMP(K) =   190.47  PRESS =     0.0
 Etot   =    -38390.2671  EKtot   =      4510.2274  EPtot      =    -42900.4945
 BOND   =       102.7473  ANGLE   =       234.9363  DIHED      =       518.3431
 1-4 NB =       164.2783  1-4 EEL =      -363.4276  VDWAALS    =      6173.8597
 EELEC  =    -49791.1289  EHBOND  =         0.0000  RESTRAINT  =        59.8973
 EAMBER (non-restraint)  =    -42960.3918
 Ewald error estimate:   0.2911E-04
 ------------------------------------------------------------------------------


 NSTEP =      750   TIME(PS) =       1.500  TEMP(K) =   228.69  PRESS =     0.0
 Etot   =    -36378.1420  EKtot   =      5415.2464  EPtot      =    -41793.3883
 BOND   =       114.1686  ANGLE   =       258.0682  DIHED      =       533.5989
 1-4 NB =       161.2797  1-4 EEL =      -367.0067  VDWAALS    =      5577.6588
 EELEC  =    -48159.5343  EHBOND  =         0.0000  RESTRAINT  =        88.3785
 EAMBER (non-restraint)  =    -41881.7668
 Ewald error estimate:   0.8018E-04
 ------------------------------------------------------------------------------


 NSTEP =     1000   TIME(PS) =       2.000  TEMP(K) =   253.12  PRESS =     0.0
 Etot   =    -34963.0539  EKtot   =      5993.8347  EPtot      =    -40956.8886
 BOND   =       132.3744  ANGLE   =       282.6582  DIHED      =       527.8976
 1-4 NB =       160.2094  1-4 EEL =      -374.2255  VDWAALS    =      5451.1750
 EELEC  =    -47231.5324  EHBOND  =         0.0000  RESTRAINT  =        94.5546
 EAMBER (non-restraint)  =    -41051.4433
 Ewald error estimate:   0.2004E-05
 ------------------------------------------------------------------------------


 NSTEP =     1250   TIME(PS) =       2.500  TEMP(K) =   264.51  PRESS =     0.0
 Etot   =    -33987.5298  EKtot   =      6263.3763  EPtot      =    -40250.9061
 BOND   =       146.4638  ANGLE   =       289.1049  DIHED      =       533.3400
 1-4 NB =       162.1582  1-4 EEL =      -348.5513  VDWAALS    =      5154.2074
 EELEC  =    -46291.1003  EHBOND  =         0.0000  RESTRAINT  =       103.4712
 EAMBER (non-restraint)  =    -40354.3773
 Ewald error estimate:   0.1944E-03
 ------------------------------------------------------------------------------


 NSTEP =     1500   TIME(PS) =       3.000  TEMP(K) =   277.24  PRESS =     0.0
 Etot   =    -33337.2323  EKtot   =      6564.8555  EPtot      =    -39902.0878
 BOND   =       142.1374  ANGLE   =       310.5695  DIHED      =       528.8665
 1-4 NB =       166.1589  1-4 EEL =      -374.0920  VDWAALS    =      5051.0810
 EELEC  =    -45839.1690  EHBOND  =         0.0000  RESTRAINT  =       112.3600
 EAMBER (non-restraint)  =    -40014.4477
 Ewald error estimate:   0.6553E-04
 ------------------------------------------------------------------------------


 NSTEP =     1750   TIME(PS) =       3.500  TEMP(K) =   282.67  PRESS =     0.0
 Etot   =    -32824.6613  EKtot   =      6693.4511  EPtot      =    -39518.1124
 BOND   =       156.4303  ANGLE   =       300.7984  DIHED      =       527.2888
 1-4 NB =       164.8084  1-4 EEL =      -361.5792  VDWAALS    =      4933.8231
 EELEC  =    -45349.8174  EHBOND  =         0.0000  RESTRAINT  =       110.1353
 EAMBER (non-restraint)  =    -39628.2477
 Ewald error estimate:   0.9217E-04
 ------------------------------------------------------------------------------


 NSTEP =     2000   TIME(PS) =       4.000  TEMP(K) =   288.13  PRESS =     0.0
 Etot   =    -32484.6000  EKtot   =      6822.7938  EPtot      =    -39307.3938
 BOND   =       137.6627  ANGLE   =       297.1235  DIHED      =       536.1695
 1-4 NB =       164.1080  1-4 EEL =      -376.0788  VDWAALS    =      4784.6283
 EELEC  =    -44962.1964  EHBOND  =         0.0000  RESTRAINT  =       111.1895
 EAMBER (non-restraint)  =    -39418.5833
 Ewald error estimate:   0.5729E-04
 ------------------------------------------------------------------------------


 NSTEP =     2250   TIME(PS) =       4.500  TEMP(K) =   289.64  PRESS =     0.0
 Etot   =    -32246.8461  EKtot   =      6858.4891  EPtot      =    -39105.3352
 BOND   =       137.5634  ANGLE   =       316.2507  DIHED      =       534.8348
 1-4 NB =       158.7895  1-4 EEL =      -355.2626  VDWAALS    =      4720.1724
 EELEC  =    -44724.1897  EHBOND  =         0.0000  RESTRAINT  =       106.5063
 EAMBER (non-restraint)  =    -39211.8415
 Ewald error estimate:   0.2461E-04
 ------------------------------------------------------------------------------


 NSTEP =     2500   TIME(PS) =       5.000  TEMP(K) =   291.82  PRESS =     0.0
 Etot   =    -32109.6198  EKtot   =      6910.2323  EPtot      =    -39019.8521
 BOND   =       156.9310  ANGLE   =       311.5604  DIHED      =       536.8958
 1-4 NB =       163.0833  1-4 EEL =      -376.3582  VDWAALS    =      4589.5765
 EELEC  =    -44508.0849  EHBOND  =         0.0000  RESTRAINT  =       106.5441
 EAMBER (non-restraint)  =    -39126.3962
 Ewald error estimate:   0.2676E-03
 ------------------------------------------------------------------------------


 NSTEP =     2750   TIME(PS) =       5.500  TEMP(K) =   295.41  PRESS =     0.0
 Etot   =    -31882.4845  EKtot   =      6995.0728  EPtot      =    -38877.5573
 BOND   =       154.6119  ANGLE   =       292.9768  DIHED      =       537.5568
 1-4 NB =       175.7812  1-4 EEL =      -348.7106  VDWAALS    =      4714.0603
 EELEC  =    -44518.4844  EHBOND  =         0.0000  RESTRAINT  =       114.6507
 EAMBER (non-restraint)  =    -38992.2080
 Ewald error estimate:   0.4855E-05
 ------------------------------------------------------------------------------


 NSTEP =     3000   TIME(PS) =       6.000  TEMP(K) =   297.36  PRESS =     0.0
 Etot   =    -31891.9037  EKtot   =      7041.2661  EPtot      =    -38933.1698
 BOND   =       154.1441  ANGLE   =       303.1121  DIHED      =       537.4739
 1-4 NB =       167.6658  1-4 EEL =      -371.5031  VDWAALS    =      4582.6065
 EELEC  =    -44420.2483  EHBOND  =         0.0000  RESTRAINT  =       113.5791
 EAMBER (non-restraint)  =    -39046.7489
 Ewald error estimate:   0.5813E-04
 ------------------------------------------------------------------------------


 NSTEP =     3250   TIME(PS) =       6.500  TEMP(K) =   294.98  PRESS =     0.0
 Etot   =    -31810.2239  EKtot   =      6984.9824  EPtot      =    -38795.2063
 BOND   =       140.0297  ANGLE   =       291.1505  DIHED      =       536.2838
 1-4 NB =       171.2623  1-4 EEL =      -375.1698  VDWAALS    =      4681.7170
 EELEC  =    -44359.2831  EHBOND  =         0.0000  RESTRAINT  =       118.8033
 EAMBER (non-restraint)  =    -38914.0096
 Ewald error estimate:   0.1609E-04
 ------------------------------------------------------------------------------


 NSTEP =     3500   TIME(PS) =       7.000  TEMP(K) =   300.03  PRESS =     0.0
 Etot   =    -31756.2189  EKtot   =      7104.4175  EPtot      =    -38860.6363
 BOND   =       141.9781  ANGLE   =       297.8356  DIHED      =       539.0205
 1-4 NB =       165.4794  1-4 EEL =      -362.8769  VDWAALS    =      4582.5310
 EELEC  =    -44333.5682  EHBOND  =         0.0000  RESTRAINT  =       108.9641
 EAMBER (non-restraint)  =    -38969.6004
 Ewald error estimate:   0.1189E-03
 ------------------------------------------------------------------------------


 NSTEP =     3750   TIME(PS) =       7.500  TEMP(K) =   297.27  PRESS =     0.0
 Etot   =    -31770.4090  EKtot   =      7039.0740  EPtot      =    -38809.4830
 BOND   =       162.4117  ANGLE   =       314.0555  DIHED      =       532.2495
 1-4 NB =       170.0744  1-4 EEL =      -376.4417  VDWAALS    =      4317.9283
 EELEC  =    -44036.6439  EHBOND  =         0.0000  RESTRAINT  =       106.8832
 EAMBER (non-restraint)  =    -38916.3662
 Ewald error estimate:   0.7389E-04
 ------------------------------------------------------------------------------


 NSTEP =     4000   TIME(PS) =       8.000  TEMP(K) =   298.60  PRESS =     0.0
 Etot   =    -31717.2808  EKtot   =      7070.6247  EPtot      =    -38787.9056
 BOND   =       164.2507  ANGLE   =       325.0278  DIHED      =       529.4239
 1-4 NB =       165.5270  1-4 EEL =      -388.8332  VDWAALS    =      4559.3251
 EELEC  =    -44256.2678  EHBOND  =         0.0000  RESTRAINT  =       113.6410
 EAMBER (non-restraint)  =    -38901.5465
 Ewald error estimate:   0.3251E-04
 ------------------------------------------------------------------------------


 NSTEP =     4250   TIME(PS) =       8.500  TEMP(K) =   295.91  PRESS =     0.0
 Etot   =    -31743.7578  EKtot   =      7006.9129  EPtot      =    -38750.6708
 BOND   =       151.4468  ANGLE   =       312.9152  DIHED      =       536.1795
 1-4 NB =       157.4662  1-4 EEL =      -371.3320  VDWAALS    =      4593.1592
 EELEC  =    -44256.3832  EHBOND  =         0.0000  RESTRAINT  =       125.8775
 EAMBER (non-restraint)  =    -38876.5483
 Ewald error estimate:   0.2812E-03
 ------------------------------------------------------------------------------


 NSTEP =     4500   TIME(PS) =       9.000  TEMP(K) =   298.73  PRESS =     0.0
 Etot   =    -31658.4550  EKtot   =      7073.6621  EPtot      =    -38732.1171
 BOND   =       154.3401  ANGLE   =       321.3386  DIHED      =       529.2382
 1-4 NB =       164.1064  1-4 EEL =      -386.1267  VDWAALS    =      4546.4772
 EELEC  =    -44167.0271  EHBOND  =         0.0000  RESTRAINT  =       105.5362
 EAMBER (non-restraint)  =    -38837.6533
 Ewald error estimate:   0.1051E-03
 ------------------------------------------------------------------------------


 NSTEP =     4750   TIME(PS) =       9.500  TEMP(K) =   297.10  PRESS =     0.0
 Etot   =    -31738.4604  EKtot   =      7035.2510  EPtot      =    -38773.7114
 BOND   =       149.6741  ANGLE   =       309.2458  DIHED      =       533.4877
 1-4 NB =       170.6737  1-4 EEL =      -367.9243  VDWAALS    =      4592.4049
 EELEC  =    -44274.0149  EHBOND  =         0.0000  RESTRAINT  =       112.7415
 EAMBER (non-restraint)  =    -38886.4529
 Ewald error estimate:   0.6221E-04
 ------------------------------------------------------------------------------


 NSTEP =     5000   TIME(PS) =      10.000  TEMP(K) =   296.03  PRESS =     0.0
 Etot   =    -31695.6787  EKtot   =      7009.7181  EPtot      =    -38705.3968
 BOND   =       160.5768  ANGLE   =       302.6745  DIHED      =       550.0424
 1-4 NB =       163.4577  1-4 EEL =      -375.3919  VDWAALS    =      4545.9011
 EELEC  =    -44164.3067  EHBOND  =         0.0000  RESTRAINT  =       111.6493
 EAMBER (non-restraint)  =    -38817.0461
 Ewald error estimate:   0.4562E-05
 ------------------------------------------------------------------------------


 NSTEP =     5250   TIME(PS) =      10.500  TEMP(K) =   302.94  PRESS =     0.0
 Etot   =    -31623.5942  EKtot   =      7173.4580  EPtot      =    -38797.0522
 BOND   =       150.4431  ANGLE   =       319.6986  DIHED      =       535.7536
 1-4 NB =       169.0122  1-4 EEL =      -371.3755  VDWAALS    =      4555.6984
 EELEC  =    -44271.4204  EHBOND  =         0.0000  RESTRAINT  =       115.1377
 EAMBER (non-restraint)  =    -38912.1899
 Ewald error estimate:   0.6512E-04
 ------------------------------------------------------------------------------


 NSTEP =     5500   TIME(PS) =      11.000  TEMP(K) =   300.76  PRESS =     0.0
 Etot   =    -31690.7282  EKtot   =      7121.6983  EPtot      =    -38812.4265
 BOND   =       144.4045  ANGLE   =       316.9651  DIHED      =       529.5412
 1-4 NB =       168.4188  1-4 EEL =      -376.8827  VDWAALS    =      4595.5867
 EELEC  =    -44299.4273  EHBOND  =         0.0000  RESTRAINT  =       108.9672
 EAMBER (non-restraint)  =    -38921.3937
 Ewald error estimate:   0.9731E-04
 ------------------------------------------------------------------------------


 NSTEP =     5750   TIME(PS) =      11.500  TEMP(K) =   300.32  PRESS =     0.0
 Etot   =    -31631.6867  EKtot   =      7111.3563  EPtot      =    -38743.0430
 BOND   =       148.3151  ANGLE   =       307.6787  DIHED      =       538.7188
 1-4 NB =       168.1822  1-4 EEL =      -355.5259  VDWAALS    =      4541.0279
 EELEC  =    -44205.2536  EHBOND  =         0.0000  RESTRAINT  =       113.8138
 EAMBER (non-restraint)  =    -38856.8568
 Ewald error estimate:   0.3410E-04
 ------------------------------------------------------------------------------


 NSTEP =     6000   TIME(PS) =      12.000  TEMP(K) =   299.27  PRESS =     0.0
 Etot   =    -31602.5555  EKtot   =      7086.5975  EPtot      =    -38689.1530
 BOND   =       149.8606  ANGLE   =       317.0424  DIHED      =       529.7883
 1-4 NB =       166.9777  1-4 EEL =      -386.5039  VDWAALS    =      4617.2189
 EELEC  =    -44195.3313  EHBOND  =         0.0000  RESTRAINT  =       111.7942
 EAMBER (non-restraint)  =    -38800.9473
 Ewald error estimate:   0.9318E-04
 ------------------------------------------------------------------------------


 NSTEP =     6250   TIME(PS) =      12.500  TEMP(K) =   301.83  PRESS =     0.0
 Etot   =    -31654.6719  EKtot   =      7147.0508  EPtot      =    -38801.7228
 BOND   =       140.8484  ANGLE   =       317.4832  DIHED      =       543.1309
 1-4 NB =       164.2232  1-4 EEL =      -367.4846  VDWAALS    =      4458.7832
 EELEC  =    -44170.8269  EHBOND  =         0.0000  RESTRAINT  =       112.1198
 EAMBER (non-restraint)  =    -38913.8426
 Ewald error estimate:   0.1059E-03
 ------------------------------------------------------------------------------


 NSTEP =     6500   TIME(PS) =      13.000  TEMP(K) =   300.05  PRESS =     0.0
 Etot   =    -31702.0982  EKtot   =      7104.9355  EPtot      =    -38807.0338
 BOND   =       164.7186  ANGLE   =       289.1540  DIHED      =       528.3018
 1-4 NB =       164.0171  1-4 EEL =      -364.1836  VDWAALS    =      4515.4965
 EELEC  =    -44217.7018  EHBOND  =         0.0000  RESTRAINT  =       113.1636
 EAMBER (non-restraint)  =    -38920.1974
 Ewald error estimate:   0.2126E-05
 ------------------------------------------------------------------------------


 NSTEP =     6750   TIME(PS) =      13.500  TEMP(K) =   294.55  PRESS =     0.0
 Etot   =    -31769.9346  EKtot   =      6974.7602  EPtot      =    -38744.6948
 BOND   =       169.2758  ANGLE   =       298.4880  DIHED      =       532.6263
 1-4 NB =       166.8741  1-4 EEL =      -378.1932  VDWAALS    =      4491.8105
 EELEC  =    -44135.4978  EHBOND  =         0.0000  RESTRAINT  =       109.9216
 EAMBER (non-restraint)  =    -38854.6164
 Ewald error estimate:   0.1529E-03
 ------------------------------------------------------------------------------


 NSTEP =     7000   TIME(PS) =      14.000  TEMP(K) =   300.91  PRESS =     0.0
 Etot   =    -31663.9519  EKtot   =      7125.4389  EPtot      =    -38789.3909
 BOND   =       143.4226  ANGLE   =       278.0713  DIHED      =       534.6537
 1-4 NB =       163.0294  1-4 EEL =      -349.4805  VDWAALS    =      4359.8150
 EELEC  =    -44026.3545  EHBOND  =         0.0000  RESTRAINT  =       107.4521
 EAMBER (non-restraint)  =    -38896.8430
 Ewald error estimate:   0.2224E-04
 ------------------------------------------------------------------------------


 NSTEP =     7250   TIME(PS) =      14.500  TEMP(K) =   303.30  PRESS =     0.0
 Etot   =    -31730.2739  EKtot   =      7182.0721  EPtot      =    -38912.3460
 BOND   =       130.8814  ANGLE   =       309.1071  DIHED      =       525.7911
 1-4 NB =       163.4249  1-4 EEL =      -348.3413  VDWAALS    =      4604.3675
 EELEC  =    -44401.6066  EHBOND  =         0.0000  RESTRAINT  =       104.0299
 EAMBER (non-restraint)  =    -39016.3759
 Ewald error estimate:   0.5626E-04
 ------------------------------------------------------------------------------


 NSTEP =     7500   TIME(PS) =      15.000  TEMP(K) =   302.59  PRESS =     0.0
 Etot   =    -31557.4089  EKtot   =      7165.1484  EPtot      =    -38722.5573
 BOND   =       153.3725  ANGLE   =       303.4527  DIHED      =       534.3172
 1-4 NB =       163.7793  1-4 EEL =      -375.0942  VDWAALS    =      4393.2464
 EELEC  =    -44010.9764  EHBOND  =         0.0000  RESTRAINT  =       115.3452
 EAMBER (non-restraint)  =    -38837.9025
 Ewald error estimate:   0.1011E-04
 ------------------------------------------------------------------------------


 NSTEP =     7750   TIME(PS) =      15.500  TEMP(K) =   306.04  PRESS =     0.0
 Etot   =    -31561.0993  EKtot   =      7246.9294  EPtot      =    -38808.0286
 BOND   =       148.5642  ANGLE   =       307.7142  DIHED      =       529.3890
 1-4 NB =       159.9662  1-4 EEL =      -378.3928  VDWAALS    =      4640.6656
 EELEC  =    -44315.6695  EHBOND  =         0.0000  RESTRAINT  =        99.7344
 EAMBER (non-restraint)  =    -38907.7630
 Ewald error estimate:   0.8387E-06
 ------------------------------------------------------------------------------


 NSTEP =     8000   TIME(PS) =      16.000  TEMP(K) =   301.60  PRESS =     0.0
 Etot   =    -31625.3390  EKtot   =      7141.8003  EPtot      =    -38767.1392
 BOND   =       145.8791  ANGLE   =       287.7736  DIHED      =       533.8342
 1-4 NB =       166.6175  1-4 EEL =      -364.0427  VDWAALS    =      4478.2440
 EELEC  =    -44131.6314  EHBOND  =         0.0000  RESTRAINT  =       116.1864
 EAMBER (non-restraint)  =    -38883.3257
 Ewald error estimate:   0.8302E-06
 ------------------------------------------------------------------------------


 NSTEP =     8250   TIME(PS) =      16.500  TEMP(K) =   303.47  PRESS =     0.0
 Etot   =    -31547.5859  EKtot   =      7186.0733  EPtot      =    -38733.6591
 BOND   =       153.3297  ANGLE   =       295.3853  DIHED      =       541.3074
 1-4 NB =       166.2386  1-4 EEL =      -346.5510  VDWAALS    =      4521.1688
 EELEC  =    -44172.4594  EHBOND  =         0.0000  RESTRAINT  =       107.9216
 EAMBER (non-restraint)  =    -38841.5807
 Ewald error estimate:   0.2150E-03
 ------------------------------------------------------------------------------


 NSTEP =     8500   TIME(PS) =      17.000  TEMP(K) =   299.41  PRESS =     0.0
 Etot   =    -31729.3744  EKtot   =      7089.8790  EPtot      =    -38819.2534
 BOND   =       145.8529  ANGLE   =       291.5274  DIHED      =       535.6311
 1-4 NB =       174.0085  1-4 EEL =      -368.1879  VDWAALS    =      4644.0539
 EELEC  =    -44356.7513  EHBOND  =         0.0000  RESTRAINT  =       114.6119
 EAMBER (non-restraint)  =    -38933.8653
 Ewald error estimate:   0.8057E-04
 ------------------------------------------------------------------------------


 NSTEP =     8750   TIME(PS) =      17.500  TEMP(K) =   302.04  PRESS =     0.0
 Etot   =    -31594.8668  EKtot   =      7152.0964  EPtot      =    -38746.9632
 BOND   =       135.7544  ANGLE   =       290.4227  DIHED      =       533.3843
 1-4 NB =       162.5445  1-4 EEL =      -369.2296  VDWAALS    =      4530.9579
 EELEC  =    -44140.1895  EHBOND  =         0.0000  RESTRAINT  =       109.3921
 EAMBER (non-restraint)  =    -38856.3553
 Ewald error estimate:   0.2297E-04
 ------------------------------------------------------------------------------


 NSTEP =     9000   TIME(PS) =      18.000  TEMP(K) =   303.80  PRESS =     0.0
 Etot   =    -31664.2519  EKtot   =      7193.8940  EPtot      =    -38858.1459
 BOND   =       158.3424  ANGLE   =       287.4813  DIHED      =       528.3280
 1-4 NB =       163.1342  1-4 EEL =      -365.1396  VDWAALS    =      4629.8061
 EELEC  =    -44357.5654  EHBOND  =         0.0000  RESTRAINT  =        97.4671
 EAMBER (non-restraint)  =    -38955.6130
 Ewald error estimate:   0.9242E-04
 ------------------------------------------------------------------------------


 NSTEP =     9250   TIME(PS) =      18.500  TEMP(K) =   302.30  PRESS =     0.0
 Etot   =    -31699.4646  EKtot   =      7158.3754  EPtot      =    -38857.8400
 BOND   =       156.2933  ANGLE   =       292.5154  DIHED      =       532.3770
 1-4 NB =       166.6421  1-4 EEL =      -360.8995  VDWAALS    =      4712.1401
 EELEC  =    -44464.7270  EHBOND  =         0.0000  RESTRAINT  =       107.8187
 EAMBER (non-restraint)  =    -38965.6587
 Ewald error estimate:   0.4611E-05
 ------------------------------------------------------------------------------


 NSTEP =     9500   TIME(PS) =      19.000  TEMP(K) =   302.01  PRESS =     0.0
 Etot   =    -31719.2134  EKtot   =      7151.5105  EPtot      =    -38870.7239
 BOND   =       158.1033  ANGLE   =       329.7590  DIHED      =       532.8322
 1-4 NB =       166.5954  1-4 EEL =      -378.5910  VDWAALS    =      4582.0463
 EELEC  =    -44374.4675  EHBOND  =         0.0000  RESTRAINT  =       112.9985
 EAMBER (non-restraint)  =    -38983.7224
 Ewald error estimate:   0.3914E-04
 ------------------------------------------------------------------------------


 NSTEP =     9750   TIME(PS) =      19.500  TEMP(K) =   305.25  PRESS =     0.0
 Etot   =    -31742.0852  EKtot   =      7228.0143  EPtot      =    -38970.0995
 BOND   =       166.8115  ANGLE   =       315.2747  DIHED      =       532.3000
 1-4 NB =       161.8775  1-4 EEL =      -387.3655  VDWAALS    =      4603.1408
 EELEC  =    -44485.4212  EHBOND  =         0.0000  RESTRAINT  =       123.2828
 EAMBER (non-restraint)  =    -39093.3823
 Ewald error estimate:   0.5925E-04
 ------------------------------------------------------------------------------


 NSTEP =    10000   TIME(PS) =      20.000  TEMP(K) =   296.01  PRESS =     0.0
 Etot   =    -31849.5242  EKtot   =      7009.4191  EPtot      =    -38858.9433
 BOND   =       157.0007  ANGLE   =       315.6455  DIHED      =       542.7508
 1-4 NB =       165.6657  1-4 EEL =      -369.5010  VDWAALS    =      4396.2870
 EELEC  =    -44190.0925  EHBOND  =         0.0000  RESTRAINT  =       123.3005
 EAMBER (non-restraint)  =    -38982.2437
 Ewald error estimate:   0.1058E-03
 ------------------------------------------------------------------------------


      A V E R A G E S   O V E R   10000 S T E P S


 NSTEP =    10000   TIME(PS) =      20.000  TEMP(K) =   283.95  PRESS =     0.0
 Etot   =    -32662.1571  EKtot   =      6723.6650  EPtot      =    -39385.8222
 BOND   =       145.0577  ANGLE   =       295.5227  DIHED      =       531.8701
 1-4 NB =       165.3824  1-4 EEL =      -369.9722  VDWAALS    =      4766.8090
 EELEC  =    -45026.3004  EHBOND  =         0.0000  RESTRAINT  =       105.8085
 EAMBER (non-restraint)  =    -39491.6307
 Ewald error estimate:   0.1002E-03
 ------------------------------------------------------------------------------


      R M S  F L U C T U A T I O N S


 NSTEP =    10000   TIME(PS) =      20.000  TEMP(K) =    44.08  PRESS =     0.0
 Etot   =      2505.7821  EKtot   =      1043.7636  EPtot      =      1471.1571
 BOND   =        21.3317  ANGLE   =        31.6200  DIHED      =         8.4672
 1-4 NB =         4.4319  1-4 EEL =         9.7740  VDWAALS    =       573.1184
 EELEC  =      1961.7141  EHBOND  =         0.0000  RESTRAINT  =        18.2326
 EAMBER (non-restraint)  =      1452.9246
 Ewald error estimate:   0.7327E-04
 ------------------------------------------------------------------------------


--------------------------------------------------------------------------------
   5.  TIMINGS
--------------------------------------------------------------------------------

|                Build the list           150.87 (99.76% of List )
|                Other                      0.36 ( 0.24% of List )
|             List time                151.23 (11.66% of Nonbo)
|                   Short_ene time           928.80 (99.40% of Direc)
|                   Other                      5.65 ( 0.60% of Direc)
|                Direct Ewald time        934.44 (81.55% of Ewald)
|                Adjust Ewald time          5.13 ( 0.45% of Ewald)
|                   Fill Bspline coeffs        5.97 ( 2.91% of Recip)
|                   Fill charge grid          14.88 ( 7.25% of Recip)
|                   Scalar sum                69.06 (33.64% of Recip)
|                   Grad sum                  32.45 (15.81% of Recip)
|                   FFT time                  82.91 (40.39% of Recip)
|                Recip Ewald time         205.28 (17.91% of Ewald)
|                Force Adjust               0.12 ( 0.01% of Ewald)
|                Virial junk                0.44 ( 0.04% of Ewald)
|                Other                      0.46 ( 0.04% of Ewald)
|             Ewald time              1145.88 (88.34% of Nonbo)
|          Nonbond force           1297.11 (99.62% of Force)
|          Bond/Angle/Dihedral        4.79 ( 0.37% of Force)
|          Other                      0.13 ( 0.01% of Force)
|       Force time              1302.03 (97.77% of Runmd)
|       Shake time                 5.56 ( 0.42% of Runmd)
|       Verlet update time        24.00 ( 1.80% of Runmd)
|       Other                      0.20 ( 0.01% of Runmd)
|    Runmd Time              1331.80 (100.0% of Total)
|    Other                      0.07 ( 0.01% of Total)
| Total time              1331.87 (100.0% of ALL  )

| Number of list builds   :        993

| Highest rstack allocated:     788737
| Highest istack allocated:      11705

| Final Performance Info:
| -----------------------------------------------------
| Average timings for all steps:
|     Elapsed(s) =    1331.80 Per Step(ms) =     133.18
|         ns/day =       1.30   seconds/ns =   66589.91
| -----------------------------------------------------

|           Job began  at 16:02:50.710  on 05/27/2026
|           Setup done at 16:02:50.781  on 05/27/2026
|           Run   done at 16:25:02.579  on 05/27/2026
|     wallclock() was called  442077 times

|3D-RISM memory allocation summary
|Type          Maximum        Current   
|Integer       0.00000 GB     0.00000 GB
|Real          0.00000 GB     0.00000 GB
|Logical       0.00000 GB     0.00000 GB
|Character     0.00000 GB     0.00000 GB
|---------------------------------------
|Total         0.00000 GB     0.00000 GB
