
          -------------------------------------------------------
          Amber 18 SANDER                              2018
          -------------------------------------------------------

| Run on 05/27/2026 at 15:56:36

|   Executable path: /home/ando/amber/amber18/bin/sander
| Working directory: /home/test/yazawa/tutorial6
|          Hostname: Unknown
  [-O]verwriting output

File Assignments:
|  MDIN: a-dna_min2.in                                                         
| MDOUT: a-dna_min2.out                                                        
|INPCRD: a-dna_min1.ncrst                                                      
|  PARM: a-dna_wat.prmtop                                                      
|RESTRT: a-dna_min2.ncrst                                                      
|  REFC: refc                                                                  
| MDVEL: mdvel                                                                 
| MDFRC: mdfrc                                                                 
|  MDEN: mden                                                                  
| MDCRD: mdcrd                                                                 
|MDINFO: mdinfo                                                                
|  MTMD: mtmd                                                                  
|INPDIP: inpdip                                                                
|RSTDIP: rstdip                                                                
|INPTRA: inptraj                                                               


 Here is the input file:

A-DNA 10-mer: initial minimization solvent + ions                              
 &cntrl                                                                        
  imin   = 1,                                                                  
  maxcyc = 2500,                                                               
  ncyc   = 1000,                                                               
  ntb    = 1,                                                                  
  ntr    = 0,                                                                  
  cut    = 10.0                                                                
 /                                                                             

--------------------------------------------------------------------------------
   1.  RESOURCE   USE: 
--------------------------------------------------------------------------------

| Flags:                                                                        
 getting box info from netcdf restart file
| NetCDF restart box info found
|Largest sphere to fit in unit cell has radius =    23.119
| New format PARM file being parsed.
| Version =    1.000 Date = 05/27/26 Time = 15:52:42
 NATOM  =   11705 NTYPES =      17 NBONH =   11283 MBONA  =     452
 NTHETH =     554 MTHETA =     694 NPHIH =    1084 MPHIA  =    1326
 NHPARM =       0 NPARM  =       0 NNB   =   18294 NRES   =    3721
 NBONA  =     452 NTHETA =     694 NPHIA =    1326 NUMBND =      41
 NUMANG =      75 NPTRA  =      56 NATYP =      29 NPHB   =       1
 IFBOX  =       2 NMXRS  =      33 IFCAP =       0 NEXTRA =       0
 NCOPY  =       0


|     Memory Use     Allocated
|     Real             1000071
|     Hollerith          38838
|     Integer           405322
|     Max Pairs        6742080
|     nblistReal        140460
|     nblist Int        389494
|       Total            38503 kbytes

| Note: 1-4 EEL scale factors are being read from the topology file.

| Note: 1-4 VDW scale factors are being read from the topology file.
| Duplicated    0 dihedrals
| Duplicated    0 dihedrals

     BOX TYPE: TRUNCATED OCTAHEDRON

--------------------------------------------------------------------------------
   2.  CONTROL  DATA  FOR  THE  RUN
--------------------------------------------------------------------------------

default_name                                                                    

General flags:
     imin    =       1, nmropt  =       0

Nature and format of input:
     ntx     =       1, irest   =       0, ntrx    =       1

Nature and format of output:
     ntxo    =       2, ntpr    =      50, ntrx    =       1, ntwr    =       1
     iwrap   =       0, ntwx    =       0, ntwv    =       0, ntwe    =       0
     ioutfm  =       1, ntwprt  =       0, idecomp =       0, rbornstat=      0

Potential function:
     ntf     =       1, ntb     =       1, igb     =       0, nsnb    =      25
     ipol    =       0, gbsa    =       0, iesp    =       0
     dielc   =   1.00000, cut     =  10.00000, intdiel =   1.00000

Frozen or restrained atoms:
     ibelly  =       0, ntr     =       0

Energy minimization:
     maxcyc  =    2500, ncyc    =    1000, ntmin   =       1
     dx0     =   0.01000, drms    =   0.00010

Ewald parameters:
     verbose =       0, ew_type =       0, nbflag  =       1, use_pme =       1
     vdwmeth =       1, eedmeth =       1, netfrc  =       0
     Box X =   56.630   Box Y =   56.630   Box Z =   56.630
     Alpha =  109.471   Beta  =  109.471   Gamma =  109.471
     NFFT1 =   60       NFFT2 =   60       NFFT3 =   60
     Cutoff=   10.000   Tol   =0.100E-04
     Ewald Coefficient =  0.27511
     Interpolation order =    4
|  INFO: Old style inpcrd file read


--------------------------------------------------------------------------------
   3.  ATOMIC COORDINATES AND VELOCITIES
--------------------------------------------------------------------------------

default_name                                                                    
 begin time read from input coords =     0.000 ps

 Number of triangulated 3-point waters found:     3683

     Sum of charges from parm topology file =   0.00000008
     Forcing neutrality...

--------------------------------------------------------------------------------
   4.  RESULTS
--------------------------------------------------------------------------------

 ---------------------------------------------------
 APPROXIMATING switch and d/dx switch using CUBIC SPLINE INTERPOLATION
 using   5000.0 points per unit in tabled values
 TESTING RELATIVE ERROR over r ranging from 0.0 to cutoff
| CHECK switch(x): max rel err =   0.2738E-14   at   2.422500
| CHECK d/dx switch(x): max rel err =   0.8314E-11   at   2.736960
 ---------------------------------------------------
| Local SIZE OF NONBOND LIST =    3551704
| TOTAL SIZE OF NONBOND LIST =    3551704


   NSTEP       ENERGY          RMS            GMAX         NAME    NUMBER
      1      -4.8010E+04     4.8643E+00     1.2829E+02     H2'       188

 BOND    =     3390.8497  ANGLE   =      381.9626  DIHED      =      501.9064
 VDWAALS =     8750.8859  EEL     =   -60953.2578  HBOND      =        0.0000
 1-4 VDW =      207.0745  1-4 EEL =     -289.7523  RESTRAINT  =        0.0000


   NSTEP       ENERGY          RMS            GMAX         NAME    NUMBER
     50      -4.9053E+04     3.3219E-01     5.7364E+00     H71       463

 BOND    =     3384.1637  ANGLE   =      129.7485  DIHED      =      495.9931
 VDWAALS =     8165.9675  EEL     =   -61028.0121  HBOND      =        0.0000
 1-4 VDW =      161.6841  1-4 EEL =     -362.2959  RESTRAINT  =        0.0000


   NSTEP       ENERGY          RMS            GMAX         NAME    NUMBER
    100      -4.9146E+04     8.9480E-01     3.4110E+01     C2         53

 BOND    =     3388.8899  ANGLE   =      116.6354  DIHED      =      494.6786
 VDWAALS =     8146.2084  EEL     =   -61088.5888  HBOND      =        0.0000
 1-4 VDW =      158.4006  1-4 EEL =     -362.4528  RESTRAINT  =        0.0000


   NSTEP       ENERGY          RMS            GMAX         NAME    NUMBER
    150      -4.9210E+04     5.1633E-01     3.0440E+01     P         478

 BOND    =     3392.4917  ANGLE   =      113.0620  DIHED      =      493.4853
 VDWAALS =     8149.8150  EEL     =   -61152.3958  HBOND      =        0.0000
 1-4 VDW =      157.3268  1-4 EEL =     -363.4363  RESTRAINT  =        0.0000


   NSTEP       ENERGY          RMS            GMAX         NAME    NUMBER
    200      -4.9256E+04     7.4443E-01     3.5089E+01     C6        427

 BOND    =     3398.6724  ANGLE   =      112.0590  DIHED      =      492.2216
 VDWAALS =     8161.0865  EEL     =   -61214.3049  HBOND      =        0.0000
 1-4 VDW =      156.6309  1-4 EEL =     -362.1275  RESTRAINT  =        0.0000


   NSTEP       ENERGY          RMS            GMAX         NAME    NUMBER
    250      -4.9302E+04     2.6630E-01     1.1126E+01     C6        427

 BOND    =     3400.6513  ANGLE   =      111.1541  DIHED      =      491.1529
 VDWAALS =     8176.6619  EEL     =   -61276.5431  HBOND      =        0.0000
 1-4 VDW =      156.2398  1-4 EEL =     -361.0755  RESTRAINT  =        0.0000


   NSTEP       ENERGY          RMS            GMAX         NAME    NUMBER
    300      -4.9339E+04     1.9685E-01     4.1411E+00     C6        427

 BOND    =     3405.6443  ANGLE   =      110.9298  DIHED      =      490.0469
 VDWAALS =     8195.6861  EEL     =   -61337.2939  HBOND      =        0.0000
 1-4 VDW =      155.9629  1-4 EEL =     -359.9485  RESTRAINT  =        0.0000


   NSTEP       ENERGY          RMS            GMAX         NAME    NUMBER
    350      -4.9372E+04     3.7690E-01     1.3788E+01     C6        427

 BOND    =     3411.2374  ANGLE   =      110.5666  DIHED      =      488.9631
 VDWAALS =     8215.0869  EEL     =   -61394.1284  HBOND      =        0.0000
 1-4 VDW =      155.7042  1-4 EEL =     -359.0343  RESTRAINT  =        0.0000


   NSTEP       ENERGY          RMS            GMAX         NAME    NUMBER
    400      -4.9403E+04     1.5993E-01     2.9508E+00     C6        427

 BOND    =     3414.6293  ANGLE   =      110.0222  DIHED      =      488.0106
 VDWAALS =     8234.8240  EEL     =   -61447.2945  HBOND      =        0.0000
 1-4 VDW =      155.6288  1-4 EEL =     -358.5792  RESTRAINT  =        0.0000


   NSTEP       ENERGY          RMS            GMAX         NAME    NUMBER
    450      -4.9431E+04     1.5699E-01     3.6356E+00     C6        427

 BOND    =     3419.2245  ANGLE   =      109.5177  DIHED      =      487.1188
 VDWAALS =     8254.3851  EEL     =   -61498.9274  HBOND      =        0.0000
 1-4 VDW =      155.4583  1-4 EEL =     -358.1284  RESTRAINT  =        0.0000


   NSTEP       ENERGY          RMS            GMAX         NAME    NUMBER
    500      -4.9458E+04     1.4513E-01     2.2541E+00     H1      10204

 BOND    =     3423.8062  ANGLE   =      109.0622  DIHED      =      486.2942
 VDWAALS =     8273.7953  EEL     =   -61548.8487  HBOND      =        0.0000
 1-4 VDW =      155.2555  1-4 EEL =     -357.7514  RESTRAINT  =        0.0000


   NSTEP       ENERGY          RMS            GMAX         NAME    NUMBER
    550      -4.9484E+04     1.3738E-01     2.2463E+00     H1      10204

 BOND    =     3428.0664  ANGLE   =      108.6451  DIHED      =      485.5499
 VDWAALS =     8293.0736  EEL     =   -61596.6180  HBOND      =        0.0000
 1-4 VDW =      155.1186  1-4 EEL =     -357.5263  RESTRAINT  =        0.0000


   NSTEP       ENERGY          RMS            GMAX         NAME    NUMBER
    600      -4.9508E+04     3.9438E-01     1.2209E+01     C6        459

 BOND    =     3433.7910  ANGLE   =      108.2502  DIHED      =      484.8019
 VDWAALS =     8313.4238  EEL     =   -61646.1510  HBOND      =        0.0000
 1-4 VDW =      154.8287  1-4 EEL =     -357.2400  RESTRAINT  =        0.0000


   NSTEP       ENERGY          RMS            GMAX         NAME    NUMBER
    650      -4.9532E+04     1.3305E-01     2.0006E+00     C6        459

 BOND    =     3436.5348  ANGLE   =      107.8735  DIHED      =      484.1818
 VDWAALS =     8332.8864  EEL     =   -61691.3355  HBOND      =        0.0000
 1-4 VDW =      154.9070  1-4 EEL =     -357.2962  RESTRAINT  =        0.0000


   NSTEP       ENERGY          RMS            GMAX         NAME    NUMBER
    700      -4.9554E+04     3.7124E-01     1.4525E+01     C6        555

 BOND    =     3441.0392  ANGLE   =      107.5224  DIHED      =      483.6151
 VDWAALS =     8351.8176  EEL     =   -61735.2885  HBOND      =        0.0000
 1-4 VDW =      154.9805  1-4 EEL =     -357.3564  RESTRAINT  =        0.0000


   NSTEP       ENERGY          RMS            GMAX         NAME    NUMBER
    750      -4.9574E+04     1.4979E-01     3.1945E+00     C4        466

 BOND    =     3444.2752  ANGLE   =      107.2887  DIHED      =      483.0955
 VDWAALS =     8368.9366  EEL     =   -61775.4392  HBOND      =        0.0000
 1-4 VDW =      154.6096  1-4 EEL =     -357.2001  RESTRAINT  =        0.0000


   NSTEP       ENERGY          RMS            GMAX         NAME    NUMBER
    800      -4.9594E+04     1.7679E-01     5.4258E+00     C6        459

 BOND    =     3447.7751  ANGLE   =      107.1205  DIHED      =      482.6458
 VDWAALS =     8385.9810  EEL     =   -61815.0779  HBOND      =        0.0000
 1-4 VDW =      154.5014  1-4 EEL =     -357.2165  RESTRAINT  =        0.0000


   NSTEP       ENERGY          RMS            GMAX         NAME    NUMBER
    850      -4.9613E+04     4.2634E-01     1.6758E+01     C6        459

 BOND    =     3452.3269  ANGLE   =      107.0282  DIHED      =      482.2350
 VDWAALS =     8402.6408  EEL     =   -61854.3122  HBOND      =        0.0000
 1-4 VDW =      154.3049  1-4 EEL =     -357.1739  RESTRAINT  =        0.0000


   NSTEP       ENERGY          RMS            GMAX         NAME    NUMBER
    900      -4.9633E+04     1.5360E-01     4.1044E+00     C6        459

 BOND    =     3454.5073  ANGLE   =      106.6631  DIHED      =      481.9273
 VDWAALS =     8419.3518  EEL     =   -61892.8184  HBOND      =        0.0000
 1-4 VDW =      154.4347  1-4 EEL =     -357.4461  RESTRAINT  =        0.0000


   NSTEP       ENERGY          RMS            GMAX         NAME    NUMBER
    950      -4.9651E+04     3.6587E-01     1.4123E+01     C6        459

 BOND    =     3458.1596  ANGLE   =      106.5400  DIHED      =      481.6597
 VDWAALS =     8435.2334  EEL     =   -61929.7827  HBOND      =        0.0000
 1-4 VDW =      154.4404  1-4 EEL =     -357.6367  RESTRAINT  =        0.0000


   NSTEP       ENERGY          RMS            GMAX         NAME    NUMBER
   1000      -4.9670E+04     1.2139E-01     1.7194E+00     H1       4909

 BOND    =     3461.1427  ANGLE   =      106.3567  DIHED      =      481.3922
 VDWAALS =     8450.4754  EEL     =   -61966.2221  HBOND      =        0.0000
 1-4 VDW =      154.1960  1-4 EEL =     -357.6151  RESTRAINT  =        0.0000


   NSTEP       ENERGY          RMS            GMAX         NAME    NUMBER
   1050      -4.9888E+04     7.4832E-01     3.5527E+01     H2       8939

 BOND    =     3508.3466  ANGLE   =      105.3606  DIHED      =      479.7954
 VDWAALS =     8706.8633  EEL     =   -62482.5449  HBOND      =        0.0000
 1-4 VDW =      153.7028  1-4 EEL =     -359.9351  RESTRAINT  =        0.0000


   NSTEP       ENERGY          RMS            GMAX         NAME    NUMBER
   1100      -4.9951E+04     3.4239E-01     1.2878E+01     O        8937

 BOND    =     3521.9128  ANGLE   =      106.2038  DIHED      =      479.8702
 VDWAALS =     8733.0891  EEL     =   -62584.6618  HBOND      =        0.0000
 1-4 VDW =      153.5346  1-4 EEL =     -360.6882  RESTRAINT  =        0.0000


   NSTEP       ENERGY          RMS            GMAX         NAME    NUMBER
   1150      -5.0018E+04     2.1532E-01     6.2338E+00     C7        334

 BOND    =     3528.3694  ANGLE   =      106.5720  DIHED      =      479.9220
 VDWAALS =     8776.7159  EEL     =   -62701.7476  HBOND      =        0.0000
 1-4 VDW =      153.5224  1-4 EEL =     -360.9580  RESTRAINT  =        0.0000


   NSTEP       ENERGY          RMS            GMAX         NAME    NUMBER
   1200      -5.0073E+04     2.7358E-01     6.3382E+00     C7        622

 BOND    =     3537.0947  ANGLE   =      105.3397  DIHED      =      480.2469
 VDWAALS =     8818.2513  EEL     =   -62805.6211  HBOND      =        0.0000
 1-4 VDW =      153.6158  1-4 EEL =     -361.4721  RESTRAINT  =        0.0000


   NSTEP       ENERGY          RMS            GMAX         NAME    NUMBER
   1250      -5.0134E+04     2.3926E-01     4.8749E+00     H3        629

 BOND    =     3543.0804  ANGLE   =      104.9641  DIHED      =      481.0795
 VDWAALS =     8860.9785  EEL     =   -62916.2966  HBOND      =        0.0000
 1-4 VDW =      153.3893  1-4 EEL =     -361.3620  RESTRAINT  =        0.0000


   NSTEP       ENERGY          RMS            GMAX         NAME    NUMBER
   1300      -5.0191E+04     3.4635E-01     8.9608E+00     N3        468

 BOND    =     3552.0512  ANGLE   =      105.2333  DIHED      =      482.6428
 VDWAALS =     8905.4066  EEL     =   -63028.6832  HBOND      =        0.0000
 1-4 VDW =      153.3482  1-4 EEL =     -360.7321  RESTRAINT  =        0.0000


   NSTEP       ENERGY          RMS            GMAX         NAME    NUMBER
   1350      -5.0265E+04     2.1297E-01     4.9543E+00     C7        622

 BOND    =     3566.0902  ANGLE   =      103.7003  DIHED      =      483.6656
 VDWAALS =     8962.1024  EEL     =   -63170.8874  HBOND      =        0.0000
 1-4 VDW =      152.7741  1-4 EEL =     -361.9617  RESTRAINT  =        0.0000


   NSTEP       ENERGY          RMS            GMAX         NAME    NUMBER
   1400      -5.0298E+04     2.3598E-01     5.5519E+00     O        8787

 BOND    =     3572.1395  ANGLE   =      103.8242  DIHED      =      483.2345
 VDWAALS =     8985.9462  EEL     =   -63234.0051  HBOND      =        0.0000
 1-4 VDW =      152.9176  1-4 EEL =     -362.2408  RESTRAINT  =        0.0000


   NSTEP       ENERGY          RMS            GMAX         NAME    NUMBER
   1450      -5.0325E+04     2.4681E-01     5.7327E+00     O        8787

 BOND    =     3576.6696  ANGLE   =      103.7545  DIHED      =      483.4047
 VDWAALS =     9005.1652  EEL     =   -63284.3620  HBOND      =        0.0000
 1-4 VDW =      152.9057  1-4 EEL =     -362.4070  RESTRAINT  =        0.0000


   NSTEP       ENERGY          RMS            GMAX         NAME    NUMBER
   1500      -5.0352E+04     2.5465E-01     6.9424E+00     H1       8788

 BOND    =     3580.0396  ANGLE   =      103.6938  DIHED      =      483.5170
 VDWAALS =     9023.4394  EEL     =   -63333.1923  HBOND      =        0.0000
 1-4 VDW =      153.0499  1-4 EEL =     -362.4026  RESTRAINT  =        0.0000


   NSTEP       ENERGY          RMS            GMAX         NAME    NUMBER
   1550      -5.0387E+04     2.6283E-01     6.7047E+00     H2       8789

 BOND    =     3586.1192  ANGLE   =      103.7827  DIHED      =      483.7307
 VDWAALS =     9042.8316  EEL     =   -63393.5617  HBOND      =        0.0000
 1-4 VDW =      153.0937  1-4 EEL =     -362.5148  RESTRAINT  =        0.0000


   NSTEP       ENERGY          RMS            GMAX         NAME    NUMBER
   1600      -5.0415E+04     2.7820E-01     7.6255E+00     O        8787

 BOND    =     3590.6565  ANGLE   =      103.7123  DIHED      =      483.9740
 VDWAALS =     9061.0809  EEL     =   -63444.6742  HBOND      =        0.0000
 1-4 VDW =      153.0683  1-4 EEL =     -362.7238  RESTRAINT  =        0.0000


   NSTEP       ENERGY          RMS            GMAX         NAME    NUMBER
   1650      -5.0442E+04     4.2062E-01     1.0555E+01     O        8787

 BOND    =     3595.9877  ANGLE   =      103.3256  DIHED      =      484.2361
 VDWAALS =     9082.4832  EEL     =   -63497.8483  HBOND      =        0.0000
 1-4 VDW =      153.0815  1-4 EEL =     -363.0771  RESTRAINT  =        0.0000


   NSTEP       ENERGY          RMS            GMAX         NAME    NUMBER
   1700      -5.0469E+04     4.1611E-01     1.0024E+01     H1       8788

 BOND    =     3600.5753  ANGLE   =      103.3793  DIHED      =      484.5421
 VDWAALS =     9105.4917  EEL     =   -63552.9022  HBOND      =        0.0000
 1-4 VDW =      153.0830  1-4 EEL =     -363.4384  RESTRAINT  =        0.0000


   NSTEP       ENERGY          RMS            GMAX         NAME    NUMBER
   1750      -5.0494E+04     4.0062E-01     1.1600E+01     H1       8788

 BOND    =     3604.0595  ANGLE   =      103.2880  DIHED      =      484.8742
 VDWAALS =     9123.7872  EEL     =   -63599.8992  HBOND      =        0.0000
 1-4 VDW =      153.0664  1-4 EEL =     -363.3559  RESTRAINT  =        0.0000


   NSTEP       ENERGY          RMS            GMAX         NAME    NUMBER
   1800      -5.0524E+04     5.8225E-01     1.4292E+01     H1       8788

 BOND    =     3609.1026  ANGLE   =      103.5088  DIHED      =      485.4396
 VDWAALS =     9150.1148  EEL     =   -63661.6965  HBOND      =        0.0000
 1-4 VDW =      152.9894  1-4 EEL =     -363.5414  RESTRAINT  =        0.0000


   NSTEP       ENERGY          RMS            GMAX         NAME    NUMBER
   1850      -5.0564E+04     5.1274E-01     2.3498E+01     H1       8788

 BOND    =     3615.8557  ANGLE   =      103.8014  DIHED      =      485.9649
 VDWAALS =     9178.9940  EEL     =   -63737.3694  HBOND      =        0.0000
 1-4 VDW =      152.8347  1-4 EEL =     -363.8103  RESTRAINT  =        0.0000


   NSTEP       ENERGY          RMS            GMAX         NAME    NUMBER
   1900      -5.0604E+04     3.2524E-01     1.0815E+01     H1       1513

 BOND    =     3624.9069  ANGLE   =      102.4023  DIHED      =      486.3805
 VDWAALS =     9214.0588  EEL     =   -63821.4020  HBOND      =        0.0000
 1-4 VDW =      152.9832  1-4 EEL =     -363.8197  RESTRAINT  =        0.0000


   NSTEP       ENERGY          RMS            GMAX         NAME    NUMBER
   1950      -5.0633E+04     4.1725E-01     1.1717E+01     OP1        96

 BOND    =     3628.1548  ANGLE   =      103.1066  DIHED      =      485.9790
 VDWAALS =     9221.9140  EEL     =   -63861.3256  HBOND      =        0.0000
 1-4 VDW =      153.4916  1-4 EEL =     -364.7013  RESTRAINT  =        0.0000


   NSTEP       ENERGY          RMS            GMAX         NAME    NUMBER
   2000      -5.0654E+04     3.2316E-01     1.0401E+01     O        7806

 BOND    =     3630.7297  ANGLE   =      102.5612  DIHED      =      486.1042
 VDWAALS =     9230.5734  EEL     =   -63892.7750  HBOND      =        0.0000
 1-4 VDW =      153.3539  1-4 EEL =     -364.4270  RESTRAINT  =        0.0000


   NSTEP       ENERGY          RMS            GMAX         NAME    NUMBER
   2050      -5.0673E+04     3.6505E-01     1.0871E+01     O        7806

 BOND    =     3634.4871  ANGLE   =      102.2781  DIHED      =      486.1340
 VDWAALS =     9241.3581  EEL     =   -63925.2397  HBOND      =        0.0000
 1-4 VDW =      153.2448  1-4 EEL =     -364.7745  RESTRAINT  =        0.0000


   NSTEP       ENERGY          RMS            GMAX         NAME    NUMBER
   2100      -5.0690E+04     3.7808E-01     1.6516E+01     P         510

 BOND    =     3637.9341  ANGLE   =      102.5457  DIHED      =      486.3696
 VDWAALS =     9250.2968  EEL     =   -63955.0014  HBOND      =        0.0000
 1-4 VDW =      153.1312  1-4 EEL =     -365.2213  RESTRAINT  =        0.0000


   NSTEP       ENERGY          RMS            GMAX         NAME    NUMBER
   2150      -5.0710E+04     4.6548E-01     1.9675E+01     P         510

 BOND    =     3640.4590  ANGLE   =      103.0792  DIHED      =      486.6179
 VDWAALS =     9259.6968  EEL     =   -63987.4287  HBOND      =        0.0000
 1-4 VDW =      153.0165  1-4 EEL =     -365.3974  RESTRAINT  =        0.0000


   NSTEP       ENERGY          RMS            GMAX         NAME    NUMBER
   2200      -5.0725E+04     2.6050E-01     9.3478E+00     P         510

 BOND    =     3639.9589  ANGLE   =      103.6028  DIHED      =      486.6652
 VDWAALS =     9265.6745  EEL     =   -64008.9497  HBOND      =        0.0000
 1-4 VDW =      153.1631  1-4 EEL =     -365.5052  RESTRAINT  =        0.0000


   NSTEP       ENERGY          RMS            GMAX         NAME    NUMBER
   2250      -5.0739E+04     2.5121E-01     9.6190E+00     P         510

 BOND    =     3642.3080  ANGLE   =      103.8601  DIHED      =      486.9176
 VDWAALS =     9272.0162  EEL     =   -64031.9458  HBOND      =        0.0000
 1-4 VDW =      153.1003  1-4 EEL =     -365.6946  RESTRAINT  =        0.0000


   NSTEP       ENERGY          RMS            GMAX         NAME    NUMBER
   2300      -5.0759E+04     3.8166E-01     1.0147E+01     P         510

 BOND    =     3644.2452  ANGLE   =      106.2560  DIHED      =      487.2607
 VDWAALS =     9281.8201  EEL     =   -64065.6616  HBOND      =        0.0000
 1-4 VDW =      153.7466  1-4 EEL =     -366.3439  RESTRAINT  =        0.0000


   NSTEP       ENERGY          RMS            GMAX         NAME    NUMBER
   2350      -5.0775E+04     2.2452E-01     7.5461E+00     P         510

 BOND    =     3646.7229  ANGLE   =      104.1663  DIHED      =      487.3389
 VDWAALS =     9290.3459  EEL     =   -64090.5917  HBOND      =        0.0000
 1-4 VDW =      153.5534  1-4 EEL =     -366.2761  RESTRAINT  =        0.0000


   NSTEP       ENERGY          RMS            GMAX         NAME    NUMBER
   2400      -5.0785E+04     1.9148E-01     5.9560E+00     P         510

 BOND    =     3648.2344  ANGLE   =      103.2471  DIHED      =      487.3955
 VDWAALS =     9294.3892  EEL     =   -64105.7295  HBOND      =        0.0000
 1-4 VDW =      153.5874  1-4 EEL =     -365.8559  RESTRAINT  =        0.0000


   NSTEP       ENERGY          RMS            GMAX         NAME    NUMBER
   2450      -5.0794E+04     1.9106E-01     7.6396E+00     P         510

 BOND    =     3649.7662  ANGLE   =      103.4417  DIHED      =      487.5243
 VDWAALS =     9299.0309  EEL     =   -64121.5425  HBOND      =        0.0000
 1-4 VDW =      153.5586  1-4 EEL =     -366.0479  RESTRAINT  =        0.0000


   NSTEP       ENERGY          RMS            GMAX         NAME    NUMBER
   2500      -5.0803E+04     1.5304E-01     6.8908E+00     P         510

 BOND    =     3649.9624  ANGLE   =      103.1963  DIHED      =      487.6362
 VDWAALS =     9301.5293  EEL     =   -64133.0106  HBOND      =        0.0000
 1-4 VDW =      153.5999  1-4 EEL =     -365.9151  RESTRAINT  =        0.0000


  Maximum number of minimization cycles reached.


                    FINAL RESULTS



   NSTEP       ENERGY          RMS            GMAX         NAME    NUMBER
   2500      -5.0803E+04     1.5304E-01     6.8908E+00     P         510

 BOND    =     3649.9624  ANGLE   =      103.1963  DIHED      =      487.6362
 VDWAALS =     9301.5293  EEL     =   -64133.0106  HBOND      =        0.0000
 1-4 VDW =      153.5999  1-4 EEL =     -365.9151  RESTRAINT  =        0.0000

--------------------------------------------------------------------------------
   5.  TIMINGS
--------------------------------------------------------------------------------

|                Build the list             1.81 (95.60% of List )
|                Other                      0.08 ( 4.40% of List )
|             List time                  1.90 ( 0.67% of Nonbo)
|                   Short_ene time           229.59 (99.43% of Direc)
|                   Other                      1.32 ( 0.57% of Direc)
|                Direct Ewald time        230.91 (81.52% of Ewald)
|                Adjust Ewald time          1.28 ( 0.45% of Ewald)
|                   Fill Bspline coeffs        1.49 ( 2.93% of Recip)
|                   Fill charge grid           3.67 ( 7.22% of Recip)
|                   Scalar sum                17.25 (33.93% of Recip)
|                   Grad sum                   7.87 (15.49% of Recip)
|                   FFT time                  20.56 (40.43% of Recip)
|                Recip Ewald time          50.84 (17.95% of Ewald)
|                Virial junk                0.11 ( 0.04% of Ewald)
|                Other                      0.11 ( 0.04% of Ewald)
|             Ewald time               283.27 (99.33% of Nonbo)
|          Nonbond force            285.17 (99.44% of Force)
|          Bond/Angle/Dihedral        1.59 ( 0.55% of Force)
|          Other                      0.03 ( 0.01% of Force)
|       Force time               286.78 (100.0% of Runmd)
|    Runmd Time               286.78 (99.26% of Total)
|    Other                      2.15 ( 0.74% of Total)
| Total time               288.94 (100.0% of ALL  )

| Number of list builds   :         12

| Highest rstack allocated:     788737
| Highest istack allocated:      11705
|           Job began  at 15:56:36.352  on 05/27/2026
|           Setup done at 15:56:36.423  on 05/27/2026
|           Run   done at 16:01:25.288  on 05/27/2026
|     wallclock() was called   95072 times

|3D-RISM memory allocation summary
|Type          Maximum        Current   
|Integer       0.00000 GB     0.00000 GB
|Real          0.00000 GB     0.00000 GB
|Logical       0.00000 GB     0.00000 GB
|Character     0.00000 GB     0.00000 GB
|---------------------------------------
|Total         0.00000 GB     0.00000 GB
